Archive member included to satisfy reference by file (symbol)

/Applications/STM32CubeIDE.app/Contents/Eclipse/plugins/com.st.stm32cube.ide.mcu.externaltools.gnu-tools-for-stm32.9-2020-q2-update.macos64_2.0.0.202105311346/tools/bin/../lib/gcc/arm-none-eabi/9.3.1/../../../../arm-none-eabi/lib/thumb/v7e-m+fp/hard/libc_nano.a(lib_a-exit.o)
                              /Applications/STM32CubeIDE.app/Contents/Eclipse/plugins/com.st.stm32cube.ide.mcu.externaltools.gnu-tools-for-stm32.9-2020-q2-update.macos64_2.0.0.202105311346/tools/bin/../lib/gcc/arm-none-eabi/9.3.1/../../../../arm-none-eabi/lib/thumb/v7e-m+fp/hard/crt0.o (exit)
/Applications/STM32CubeIDE.app/Contents/Eclipse/plugins/com.st.stm32cube.ide.mcu.externaltools.gnu-tools-for-stm32.9-2020-q2-update.macos64_2.0.0.202105311346/tools/bin/../lib/gcc/arm-none-eabi/9.3.1/../../../../arm-none-eabi/lib/thumb/v7e-m+fp/hard/libc_nano.a(lib_a-impure.o)
                              /Applications/STM32CubeIDE.app/Contents/Eclipse/plugins/com.st.stm32cube.ide.mcu.externaltools.gnu-tools-for-stm32.9-2020-q2-update.macos64_2.0.0.202105311346/tools/bin/../lib/gcc/arm-none-eabi/9.3.1/../../../../arm-none-eabi/lib/thumb/v7e-m+fp/hard/libc_nano.a(lib_a-exit.o) (_global_impure_ptr)
/Applications/STM32CubeIDE.app/Contents/Eclipse/plugins/com.st.stm32cube.ide.mcu.externaltools.gnu-tools-for-stm32.9-2020-q2-update.macos64_2.0.0.202105311346/tools/bin/../lib/gcc/arm-none-eabi/9.3.1/../../../../arm-none-eabi/lib/thumb/v7e-m+fp/hard/libc_nano.a(lib_a-init.o)
                              /Applications/STM32CubeIDE.app/Contents/Eclipse/plugins/com.st.stm32cube.ide.mcu.externaltools.gnu-tools-for-stm32.9-2020-q2-update.macos64_2.0.0.202105311346/tools/bin/../lib/gcc/arm-none-eabi/9.3.1/../../../../arm-none-eabi/lib/thumb/v7e-m+fp/hard/crt0.o (__libc_init_array)
/Applications/STM32CubeIDE.app/Contents/Eclipse/plugins/com.st.stm32cube.ide.mcu.externaltools.gnu-tools-for-stm32.9-2020-q2-update.macos64_2.0.0.202105311346/tools/bin/../lib/gcc/arm-none-eabi/9.3.1/../../../../arm-none-eabi/lib/thumb/v7e-m+fp/hard/libc_nano.a(lib_a-malloc.o)
                              ./Middlewares/STM32_USBH_Library/Class/MSC/usbh_msc.o (malloc)
/Applications/STM32CubeIDE.app/Contents/Eclipse/plugins/com.st.stm32cube.ide.mcu.externaltools.gnu-tools-for-stm32.9-2020-q2-update.macos64_2.0.0.202105311346/tools/bin/../lib/gcc/arm-none-eabi/9.3.1/../../../../arm-none-eabi/lib/thumb/v7e-m+fp/hard/libc_nano.a(lib_a-memcpy-stub.o)
                              ./Middlewares/FatFs/Drivers/usbh_diskio_dma.o (memcpy)
/Applications/STM32CubeIDE.app/Contents/Eclipse/plugins/com.st.stm32cube.ide.mcu.externaltools.gnu-tools-for-stm32.9-2020-q2-update.macos64_2.0.0.202105311346/tools/bin/../lib/gcc/arm-none-eabi/9.3.1/../../../../arm-none-eabi/lib/thumb/v7e-m+fp/hard/libc_nano.a(lib_a-memset.o)
                              /Applications/STM32CubeIDE.app/Contents/Eclipse/plugins/com.st.stm32cube.ide.mcu.externaltools.gnu-tools-for-stm32.9-2020-q2-update.macos64_2.0.0.202105311346/tools/bin/../lib/gcc/arm-none-eabi/9.3.1/../../../../arm-none-eabi/lib/thumb/v7e-m+fp/hard/crt0.o (memset)
/Applications/STM32CubeIDE.app/Contents/Eclipse/plugins/com.st.stm32cube.ide.mcu.externaltools.gnu-tools-for-stm32.9-2020-q2-update.macos64_2.0.0.202105311346/tools/bin/../lib/gcc/arm-none-eabi/9.3.1/../../../../arm-none-eabi/lib/thumb/v7e-m+fp/hard/libc_nano.a(lib_a-nano-freer.o)
                              /Applications/STM32CubeIDE.app/Contents/Eclipse/plugins/com.st.stm32cube.ide.mcu.externaltools.gnu-tools-for-stm32.9-2020-q2-update.macos64_2.0.0.202105311346/tools/bin/../lib/gcc/arm-none-eabi/9.3.1/../../../../arm-none-eabi/lib/thumb/v7e-m+fp/hard/libc_nano.a(lib_a-malloc.o) (_free_r)
/Applications/STM32CubeIDE.app/Contents/Eclipse/plugins/com.st.stm32cube.ide.mcu.externaltools.gnu-tools-for-stm32.9-2020-q2-update.macos64_2.0.0.202105311346/tools/bin/../lib/gcc/arm-none-eabi/9.3.1/../../../../arm-none-eabi/lib/thumb/v7e-m+fp/hard/libc_nano.a(lib_a-nano-mallocr.o)
                              /Applications/STM32CubeIDE.app/Contents/Eclipse/plugins/com.st.stm32cube.ide.mcu.externaltools.gnu-tools-for-stm32.9-2020-q2-update.macos64_2.0.0.202105311346/tools/bin/../lib/gcc/arm-none-eabi/9.3.1/../../../../arm-none-eabi/lib/thumb/v7e-m+fp/hard/libc_nano.a(lib_a-malloc.o) (_malloc_r)
/Applications/STM32CubeIDE.app/Contents/Eclipse/plugins/com.st.stm32cube.ide.mcu.externaltools.gnu-tools-for-stm32.9-2020-q2-update.macos64_2.0.0.202105311346/tools/bin/../lib/gcc/arm-none-eabi/9.3.1/../../../../arm-none-eabi/lib/thumb/v7e-m+fp/hard/libc_nano.a(lib_a-sbrkr.o)
                              /Applications/STM32CubeIDE.app/Contents/Eclipse/plugins/com.st.stm32cube.ide.mcu.externaltools.gnu-tools-for-stm32.9-2020-q2-update.macos64_2.0.0.202105311346/tools/bin/../lib/gcc/arm-none-eabi/9.3.1/../../../../arm-none-eabi/lib/thumb/v7e-m+fp/hard/libc_nano.a(lib_a-nano-mallocr.o) (_sbrk_r)
[...]
Memory Configuration

Name             Origin             Length             Attributes
RAM              0x0000000020000000 0x0000000000030000 xrw
CCMRAM           0x0000000010000000 0x0000000000010000 rw
FLASH            0x0000000008000000 0x0000000000200000 xr
*default*        0x0000000000000000 0xffffffffffffffff

Linker script and memory map

LOAD /Applications/STM32CubeIDE.app/Contents/Eclipse/plugins/com.st.stm32cube.ide.mcu.externaltools.gnu-tools-for-stm32.9-2020-q2-update.macos64_2.0.0.202105311346/tools/bin/../lib/gcc/arm-none-eabi/9.3.1/thumb/v7e-m+fp/hard/crti.o
LOAD /Applications/STM32CubeIDE.app/Contents/Eclipse/plugins/com.st.stm32cube.ide.mcu.externaltools.gnu-tools-for-stm32.9-2020-q2-update.macos64_2.0.0.202105311346/tools/bin/../lib/gcc/arm-none-eabi/9.3.1/thumb/v7e-m+fp/hard/crtbegin.o
LOAD /Applications/STM32CubeIDE.app/Contents/Eclipse/plugins/com.st.stm32cube.ide.mcu.externaltools.gnu-tools-for-stm32.9-2020-q2-update.macos64_2.0.0.202105311346/tools/bin/../lib/gcc/arm-none-eabi/9.3.1/../../../../arm-none-eabi/lib/thumb/v7e-m+fp/hard/crt0.o
LOAD ./Drivers/BSP/Components/ili9341.o
LOAD ./Drivers/BSP/Components/stmpe811.o
LOAD ./Drivers/BSP/STM32F429I_DISCO/stm32f429i_discovery.o
LOAD ./Drivers/BSP/STM32F429I_DISCO/stm32f429i_discovery_io.o
LOAD ./Drivers/BSP/STM32F429I_DISCO/stm32f429i_discovery_lcd.o
LOAD ./Drivers/BSP/STM32F429I_DISCO/stm32f429i_discovery_sdram.o
LOAD ./Drivers/BSP/STM32F429I_DISCO/stm32f429i_discovery_ts.o
LOAD ./Drivers/CMSIS/system_stm32f4xx.o
LOAD ./Drivers/STM32F4xx_HAL_Driver/stm32f4xx_hal.o
LOAD ./Drivers/STM32F4xx_HAL_Driver/stm32f4xx_hal_cortex.o
LOAD ./Drivers/STM32F4xx_HAL_Driver/stm32f4xx_hal_dma.o
LOAD ./Drivers/STM32F4xx_HAL_Driver/stm32f4xx_hal_dma2d.o
LOAD ./Drivers/STM32F4xx_HAL_Driver/stm32f4xx_hal_dma_ex.o
LOAD ./Drivers/STM32F4xx_HAL_Driver/stm32f4xx_hal_flash.o
LOAD ./Drivers/STM32F4xx_HAL_Driver/stm32f4xx_hal_flash_ex.o
LOAD ./Drivers/STM32F4xx_HAL_Driver/stm32f4xx_hal_gpio.o
LOAD ./Drivers/STM32F4xx_HAL_Driver/stm32f4xx_hal_hcd.o
LOAD ./Drivers/STM32F4xx_HAL_Driver/stm32f4xx_hal_i2c.o
LOAD ./Drivers/STM32F4xx_HAL_Driver/stm32f4xx_hal_i2c_ex.o
LOAD ./Drivers/STM32F4xx_HAL_Driver/stm32f4xx_hal_i2s.o
LOAD ./Drivers/STM32F4xx_HAL_Driver/stm32f4xx_hal_ltdc.o
LOAD ./Drivers/STM32F4xx_HAL_Driver/stm32f4xx_hal_pcd.o
LOAD ./Drivers/STM32F4xx_HAL_Driver/stm32f4xx_hal_pwr.o
LOAD ./Drivers/STM32F4xx_HAL_Driver/stm32f4xx_hal_pwr_ex.o
LOAD ./Drivers/STM32F4xx_HAL_Driver/stm32f4xx_hal_rcc.o
LOAD ./Drivers/STM32F4xx_HAL_Driver/stm32f4xx_hal_rcc_ex.o
LOAD ./Drivers/STM32F4xx_HAL_Driver/stm32f4xx_hal_sdram.o
LOAD ./Drivers/STM32F4xx_HAL_Driver/stm32f4xx_hal_spi.o
LOAD ./Drivers/STM32F4xx_HAL_Driver/stm32f4xx_ll_fmc.o
LOAD ./Drivers/STM32F4xx_HAL_Driver/stm32f4xx_ll_usb.o
LOAD ./Example/SW4STM32/startup_stm32f429xx.o
LOAD ./Example/User/main.o
LOAD ./Example/User/stm32f4xx_it.o
LOAD ./Example/User/ts_calibration.o
LOAD ./Example/User/usbh_conf.o
LOAD ./Middlewares/FatFs/Core/diskio.o
LOAD ./Middlewares/FatFs/Core/ff.o
LOAD ./Middlewares/FatFs/Core/ff_gen_drv.o
LOAD ./Middlewares/FatFs/Drivers/usbh_diskio_dma.o
LOAD ./Middlewares/STM32_USBH_Library/Class/MSC/usbh_msc.o
LOAD ./Middlewares/STM32_USBH_Library/Class/MSC/usbh_msc_bot.o
LOAD ./Middlewares/STM32_USBH_Library/Class/MSC/usbh_msc_scsi.o
LOAD ./Middlewares/STM32_USBH_Library/Core/usbh_core.o
LOAD ./Middlewares/STM32_USBH_Library/Core/usbh_ctlreq.o
LOAD ./Middlewares/STM32_USBH_Library/Core/usbh_ioreq.o
LOAD ./Middlewares/STM32_USBH_Library/Core/usbh_pipes.o
START GROUP
LOAD /Applications/STM32CubeIDE.app/Contents/Eclipse/plugins/com.st.stm32cube.ide.mcu.externaltools.gnu-tools-for-stm32.9-2020-q2-update.macos64_2.0.0.202105311346/tools/bin/../lib/gcc/arm-none-eabi/9.3.1/../../../../arm-none-eabi/lib/thumb/v7e-m+fp/hard/libc_nano.a
LOAD /Applications/STM32CubeIDE.app/Contents/Eclipse/plugins/com.st.stm32cube.ide.mcu.externaltools.gnu-tools-for-stm32.9-2020-q2-update.macos64_2.0.0.202105311346/tools/bin/../lib/gcc/arm-none-eabi/9.3.1/../../../../arm-none-eabi/lib/thumb/v7e-m+fp/hard/libm.a
END GROUP
START GROUP
LOAD /Applications/STM32CubeIDE.app/Contents/Eclipse/plugins/com.st.stm32cube.ide.mcu.externaltools.gnu-tools-for-stm32.9-2020-q2-update.macos64_2.0.0.202105311346/tools/bin/../lib/gcc/arm-none-eabi/9.3.1/thumb/v7e-m+fp/hard/libgcc.a
LOAD /Applications/STM32CubeIDE.app/Contents/Eclipse/plugins/com.st.stm32cube.ide.mcu.externaltools.gnu-tools-for-stm32.9-2020-q2-update.macos64_2.0.0.202105311346/tools/bin/../lib/gcc/arm-none-eabi/9.3.1/../../../../arm-none-eabi/lib/thumb/v7e-m+fp/hard/libc_nano.a
END GROUP
START GROUP
LOAD /Applications/STM32CubeIDE.app/Contents/Eclipse/plugins/com.st.stm32cube.ide.mcu.externaltools.gnu-tools-for-stm32.9-2020-q2-update.macos64_2.0.0.202105311346/tools/bin/../lib/gcc/arm-none-eabi/9.3.1/thumb/v7e-m+fp/hard/libgcc.a
LOAD /Applications/STM32CubeIDE.app/Contents/Eclipse/plugins/com.st.stm32cube.ide.mcu.externaltools.gnu-tools-for-stm32.9-2020-q2-update.macos64_2.0.0.202105311346/tools/bin/../lib/gcc/arm-none-eabi/9.3.1/../../../../arm-none-eabi/lib/thumb/v7e-m+fp/hard/libc_nano.a
LOAD /Applications/STM32CubeIDE.app/Contents/Eclipse/plugins/com.st.stm32cube.ide.mcu.externaltools.gnu-tools-for-stm32.9-2020-q2-update.macos64_2.0.0.202105311346/tools/bin/../lib/gcc/arm-none-eabi/9.3.1/../../../../arm-none-eabi/lib/thumb/v7e-m+fp/hard/libnosys.a
END GROUP
START GROUP
LOAD /Applications/STM32CubeIDE.app/Contents/Eclipse/plugins/com.st.stm32cube.ide.mcu.externaltools.gnu-tools-for-stm32.9-2020-q2-update.macos64_2.0.0.202105311346/tools/bin/../lib/gcc/arm-none-eabi/9.3.1/thumb/v7e-m+fp/hard/libgcc.a
LOAD /Applications/STM32CubeIDE.app/Contents/Eclipse/plugins/com.st.stm32cube.ide.mcu.externaltools.gnu-tools-for-stm32.9-2020-q2-update.macos64_2.0.0.202105311346/tools/bin/../lib/gcc/arm-none-eabi/9.3.1/../../../../arm-none-eabi/lib/thumb/v7e-m+fp/hard/libc_nano.a
LOAD /Applications/STM32CubeIDE.app/Contents/Eclipse/plugins/com.st.stm32cube.ide.mcu.externaltools.gnu-tools-for-stm32.9-2020-q2-update.macos64_2.0.0.202105311346/tools/bin/../lib/gcc/arm-none-eabi/9.3.1/../../../../arm-none-eabi/lib/thumb/v7e-m+fp/hard/libnosys.a
END GROUP
LOAD /Applications/STM32CubeIDE.app/Contents/Eclipse/plugins/com.st.stm32cube.ide.mcu.externaltools.gnu-tools-for-stm32.9-2020-q2-update.macos64_2.0.0.202105311346/tools/bin/../lib/gcc/arm-none-eabi/9.3.1/thumb/v7e-m+fp/hard/crtend.o
LOAD /Applications/STM32CubeIDE.app/Contents/Eclipse/plugins/com.st.stm32cube.ide.mcu.externaltools.gnu-tools-for-stm32.9-2020-q2-update.macos64_2.0.0.202105311346/tools/bin/../lib/gcc/arm-none-eabi/9.3.1/thumb/v7e-m+fp/hard/crtn.o
                0x0000000020030000                _estack = 0x20030000
                0x0000000000004000                _Min_Heap_Size = 0x4000
                0x0000000000004000                _Min_Stack_Size = 0x4000

.isr_vector     0x0000000008000000      0x1ac
                0x0000000008000000                . = ALIGN (0x4)
 *(.isr_vector)
 .isr_vector    0x0000000008000000      0x1ac ./Example/SW4STM32/startup_stm32f429xx.o
                0x0000000008000000                g_pfnVectors
                0x00000000080001ac                . = ALIGN (0x4)

.text           0x00000000080001ac     0x36d8
                0x00000000080001ac                . = ALIGN (0x4)
 *(.text)
 .text          0x00000000080001ac       0x40 /Applications/STM32CubeIDE.app/Contents/Eclipse/plugins/com.st.stm32cube.ide.mcu.externaltools.gnu-tools-for-stm32.9-2020-q2-update.macos64_2.0.0.202105311346/tools/bin/../lib/gcc/arm-none-eabi/9.3.1/thumb/v7e-m+fp/hard/crtbegin.o
 .text          0x00000000080001ec       0x30 /Applications/STM32CubeIDE.app/Contents/Eclipse/plugins/com.st.stm32cube.ide.mcu.externaltools.gnu-tools-for-stm32.9-2020-q2-update.macos64_2.0.0.202105311346/tools/bin/../lib/gcc/arm-none-eabi/9.3.1/thumb/v7e-m+fp/hard/libgcc.a(_aeabi_uldivmod.o)
                0x00000000080001ec                __aeabi_uldivmod
 .text          0x000000000800021c      0x2c4 /Applications/STM32CubeIDE.app/Contents/Eclipse/plugins/com.st.stm32cube.ide.mcu.externaltools.gnu-tools-for-stm32.9-2020-q2-update.macos64_2.0.0.202105311346/tools/bin/../lib/gcc/arm-none-eabi/9.3.1/thumb/v7e-m+fp/hard/libgcc.a(_udivmoddi4.o)
                0x000000000800021c                __udivmoddi4
 .text          0x00000000080004e0        0x4 /Applications/STM32CubeIDE.app/Contents/Eclipse/plugins/com.st.stm32cube.ide.mcu.externaltools.gnu-tools-for-stm32.9-2020-q2-update.macos64_2.0.0.202105311346/tools/bin/../lib/gcc/arm-none-eabi/9.3.1/thumb/v7e-m+fp/hard/libgcc.a(_dvmd_tls.o)
                0x00000000080004e0                __aeabi_ldiv0
                0x00000000080004e0                __aeabi_idiv0
 *(.text*)
 .text.ili9341_GetLcdPixelWidth
                0x00000000080004e4        0x4 ./Drivers/BSP/Components/ili9341.o
                0x00000000080004e4                ili9341_GetLcdPixelWidth
 .text.ili9341_GetLcdPixelHeight
                0x00000000080004e8        0x6 ./Drivers/BSP/Components/ili9341.o
                0x00000000080004e8                ili9341_GetLcdPixelHeight
 .text.ili9341_DisplayOn
                0x00000000080004ee        0x6 ./Drivers/BSP/Components/ili9341.o
                0x00000000080004ee                ili9341_DisplayOn
 .text.ili9341_DisplayOff
                0x00000000080004f4        0x6 ./Drivers/BSP/Components/ili9341.o
                0x00000000080004f4                ili9341_DisplayOff
 .text.ili9341_Init
                0x00000000080004fa      0x292 ./Drivers/BSP/Components/ili9341.o
                0x00000000080004fa                ili9341_Init
 .text.ili9341_ReadID
                0x000000000800078c       0x12 ./Drivers/BSP/Components/ili9341.o
                0x000000000800078c                ili9341_ReadID
 *fill*         0x000000000800079e        0x2 
 .text.SPIx_Init
                0x00000000080007a0       0x98 ./Drivers/BSP/STM32F429I_DISCO/stm32f429i_discovery.o
 .text.SPIx_Write
                0x0000000008000838       0x30 ./Drivers/BSP/STM32F429I_DISCO/stm32f429i_discovery.o
 .text.BSP_LED_Init
                0x0000000008000868       0x74 ./Drivers/BSP/STM32F429I_DISCO/stm32f429i_discovery.o
                0x0000000008000868                BSP_LED_Init
 .text.BSP_LED_On
                0x00000000080008dc       0x1c ./Drivers/BSP/STM32F429I_DISCO/stm32f429i_discovery.o
                0x00000000080008dc                BSP_LED_On
 .text.LCD_IO_Init
                0x00000000080008f8       0xbc ./Drivers/BSP/STM32F429I_DISCO/stm32f429i_discovery.o
                0x00000000080008f8                LCD_IO_Init
 .text.LCD_IO_WriteData
                0x00000000080009b4       0x38 ./Drivers/BSP/STM32F429I_DISCO/stm32f429i_discovery.o
                0x00000000080009b4                LCD_IO_WriteData
 .text.LCD_IO_WriteReg
                0x00000000080009ec       0x38 ./Drivers/BSP/STM32F429I_DISCO/stm32f429i_discovery.o
                0x00000000080009ec                LCD_IO_WriteReg
 .text.LCD_IO_ReadData
                0x0000000008000a24       0x6c ./Drivers/BSP/STM32F429I_DISCO/stm32f429i_discovery.o
                0x0000000008000a24                LCD_IO_ReadData
 .text.LCD_Delay
                0x0000000008000a90        0x4 ./Drivers/BSP/STM32F429I_DISCO/stm32f429i_discovery.o
                0x0000000008000a90                LCD_Delay
 .text.FillBuffer
                0x0000000008000a94       0x64 ./Drivers/BSP/STM32F429I_DISCO/stm32f429i_discovery_lcd.o
 .text.BSP_LCD_GetXSize
                0x0000000008000af8       0x10 ./Drivers/BSP/STM32F429I_DISCO/stm32f429i_discovery_lcd.o
                0x0000000008000af8                BSP_LCD_GetXSize
 .text.BSP_LCD_GetYSize
                0x0000000008000b08       0x10 ./Drivers/BSP/STM32F429I_DISCO/stm32f429i_discovery_lcd.o
                0x0000000008000b08                BSP_LCD_GetYSize
 .text.BSP_LCD_LayerDefaultInit
                0x0000000008000b18       0x70 ./Drivers/BSP/STM32F429I_DISCO/stm32f429i_discovery_lcd.o
                0x0000000008000b18                BSP_LCD_LayerDefaultInit
 .text.BSP_LCD_SelectLayer
                0x0000000008000b88        0xc ./Drivers/BSP/STM32F429I_DISCO/stm32f429i_discovery_lcd.o
                0x0000000008000b88                BSP_LCD_SelectLayer
 .text.BSP_LCD_Clear
                0x0000000008000b94       0x40 ./Drivers/BSP/STM32F429I_DISCO/stm32f429i_discovery_lcd.o
                0x0000000008000b94                BSP_LCD_Clear
 .text.BSP_LCD_DisplayOn
                0x0000000008000bd4       0x10 ./Drivers/BSP/STM32F429I_DISCO/stm32f429i_discovery_lcd.o
                0x0000000008000bd4                BSP_LCD_DisplayOn
 .text.BSP_LCD_MspInit
                0x0000000008000be4      0x148 ./Drivers/BSP/STM32F429I_DISCO/stm32f429i_discovery_lcd.o
                0x0000000008000be4                BSP_LCD_MspInit
 .text.BSP_LCD_Init
                0x0000000008000d2c       0xa0 ./Drivers/BSP/STM32F429I_DISCO/stm32f429i_discovery_lcd.o
                0x0000000008000d2c                BSP_LCD_Init
 .text.BSP_SDRAM_Initialization_sequence
                0x0000000008000dcc       0x90 ./Drivers/BSP/STM32F429I_DISCO/stm32f429i_discovery_sdram.o
                0x0000000008000dcc                BSP_SDRAM_Initialization_sequence
 .text.BSP_SDRAM_MspInit
                0x0000000008000e5c      0x190 ./Drivers/BSP/STM32F429I_DISCO/stm32f429i_discovery_sdram.o
                0x0000000008000e5c                BSP_SDRAM_MspInit
 .text.BSP_SDRAM_Init
                0x0000000008000fec       0x7c ./Drivers/BSP/STM32F429I_DISCO/stm32f429i_discovery_sdram.o
                0x0000000008000fec                BSP_SDRAM_Init
 .text.SystemInit
                0x0000000008001068       0x4c ./Drivers/CMSIS/system_stm32f4xx.o
                0x0000000008001068                SystemInit
 .text.HAL_MspInit
                0x00000000080010b4        0x2 ./Drivers/STM32F4xx_HAL_Driver/stm32f4xx_hal.o
                0x00000000080010b4                HAL_MspInit
 *fill*         0x00000000080010b6        0x2 
 .text.HAL_InitTick
                0x00000000080010b8       0x44 ./Drivers/STM32F4xx_HAL_Driver/stm32f4xx_hal.o
                0x00000000080010b8                HAL_InitTick
 .text.HAL_Init
                0x00000000080010fc       0x34 ./Drivers/STM32F4xx_HAL_Driver/stm32f4xx_hal.o
                0x00000000080010fc                HAL_Init
 .text.HAL_IncTick
                0x0000000008001130       0x18 ./Drivers/STM32F4xx_HAL_Driver/stm32f4xx_hal.o
                0x0000000008001130                HAL_IncTick
 .text.HAL_GetTick
                0x0000000008001148        0xc ./Drivers/STM32F4xx_HAL_Driver/stm32f4xx_hal.o
                0x0000000008001148                HAL_GetTick
 .text.HAL_Delay
                0x0000000008001154       0x28 ./Drivers/STM32F4xx_HAL_Driver/stm32f4xx_hal.o
                0x0000000008001154                HAL_Delay
 .text.HAL_NVIC_SetPriorityGrouping
                0x000000000800117c       0x24 ./Drivers/STM32F4xx_HAL_Driver/stm32f4xx_hal_cortex.o
                0x000000000800117c                HAL_NVIC_SetPriorityGrouping
 .text.HAL_NVIC_SetPriority
                0x00000000080011a0       0x64 ./Drivers/STM32F4xx_HAL_Driver/stm32f4xx_hal_cortex.o
                0x00000000080011a0                HAL_NVIC_SetPriority
 .text.HAL_NVIC_EnableIRQ
                0x0000000008001204       0x1c ./Drivers/STM32F4xx_HAL_Driver/stm32f4xx_hal_cortex.o
                0x0000000008001204                HAL_NVIC_EnableIRQ
 .text.HAL_SYSTICK_Config
                0x0000000008001220       0x2c ./Drivers/STM32F4xx_HAL_Driver/stm32f4xx_hal_cortex.o
                0x0000000008001220                HAL_SYSTICK_Config
 .text.DMA_CalcBaseAndBitshift
                0x000000000800124c       0x2c ./Drivers/STM32F4xx_HAL_Driver/stm32f4xx_hal_dma.o
 .text.HAL_DMA_Init
                0x0000000008001278      0x100 ./Drivers/STM32F4xx_HAL_Driver/stm32f4xx_hal_dma.o
                0x0000000008001278                HAL_DMA_Init
 .text.HAL_DMA_DeInit
                0x0000000008001378       0x54 ./Drivers/STM32F4xx_HAL_Driver/stm32f4xx_hal_dma.o
                0x0000000008001378                HAL_DMA_DeInit
 .text.DMA2D_SetConfig
                0x00000000080013cc       0x84 ./Drivers/STM32F4xx_HAL_Driver/stm32f4xx_hal_dma2d.o
 .text.HAL_DMA2D_MspInit
                0x0000000008001450        0x2 ./Drivers/STM32F4xx_HAL_Driver/stm32f4xx_hal_dma2d.o
                0x0000000008001450                HAL_DMA2D_MspInit
 .text.HAL_DMA2D_Init
                0x0000000008001452       0x58 ./Drivers/STM32F4xx_HAL_Driver/stm32f4xx_hal_dma2d.o
                0x0000000008001452                HAL_DMA2D_Init
 .text.HAL_DMA2D_Start
                0x00000000080014aa       0x34 ./Drivers/STM32F4xx_HAL_Driver/stm32f4xx_hal_dma2d.o
                0x00000000080014aa                HAL_DMA2D_Start
 .text.HAL_DMA2D_PollForTransfer
                0x00000000080014de      0x102 ./Drivers/STM32F4xx_HAL_Driver/stm32f4xx_hal_dma2d.o
                0x00000000080014de                HAL_DMA2D_PollForTransfer
 .text.HAL_DMA2D_ConfigLayer
                0x00000000080015e0       0x88 ./Drivers/STM32F4xx_HAL_Driver/stm32f4xx_hal_dma2d.o
                0x00000000080015e0                HAL_DMA2D_ConfigLayer
 .text.HAL_GPIO_Init
                0x0000000008001668      0x1cc ./Drivers/STM32F4xx_HAL_Driver/stm32f4xx_hal_gpio.o
                0x0000000008001668                HAL_GPIO_Init
 .text.HAL_GPIO_ReadPin
                0x0000000008001834        0xc ./Drivers/STM32F4xx_HAL_Driver/stm32f4xx_hal_gpio.o
                0x0000000008001834                HAL_GPIO_ReadPin
 .text.HAL_GPIO_WritePin
                0x0000000008001840        0xa ./Drivers/STM32F4xx_HAL_Driver/stm32f4xx_hal_gpio.o
                0x0000000008001840                HAL_GPIO_WritePin
 .text.HAL_HCD_IRQHandler
                0x000000000800184a      0x69a ./Drivers/STM32F4xx_HAL_Driver/stm32f4xx_hal_hcd.o
                0x000000000800184a                HAL_HCD_IRQHandler
 .text.HAL_HCD_Stop
                0x0000000008001ee4       0x24 ./Drivers/STM32F4xx_HAL_Driver/stm32f4xx_hal_hcd.o
                0x0000000008001ee4                HAL_HCD_Stop
 .text.LTDC_SetConfig
                0x0000000008001f08      0x10c ./Drivers/STM32F4xx_HAL_Driver/stm32f4xx_hal_ltdc.o
 .text.HAL_LTDC_MspInit
                0x0000000008002014        0x2 ./Drivers/STM32F4xx_HAL_Driver/stm32f4xx_hal_ltdc.o
                0x0000000008002014                HAL_LTDC_MspInit
 *fill*         0x0000000008002016        0x2 
 .text.HAL_LTDC_Init
                0x0000000008002018       0xd8 ./Drivers/STM32F4xx_HAL_Driver/stm32f4xx_hal_ltdc.o
                0x0000000008002018                HAL_LTDC_Init
 .text.HAL_LTDC_ConfigLayer
                0x00000000080020f0       0x5a ./Drivers/STM32F4xx_HAL_Driver/stm32f4xx_hal_ltdc.o
                0x00000000080020f0                HAL_LTDC_ConfigLayer
 *fill*         0x000000000800214a        0x2 
 .text.HAL_LTDC_EnableDither
                0x000000000800214c       0x30 ./Drivers/STM32F4xx_HAL_Driver/stm32f4xx_hal_ltdc.o
                0x000000000800214c                HAL_LTDC_EnableDither
 .text.HAL_RCC_OscConfig
                0x000000000800217c      0x358 ./Drivers/STM32F4xx_HAL_Driver/stm32f4xx_hal_rcc.o
                0x000000000800217c                HAL_RCC_OscConfig
 .text.HAL_RCC_GetSysClockFreq
                0x00000000080024d4       0x5c ./Drivers/STM32F4xx_HAL_Driver/stm32f4xx_hal_rcc.o
                0x00000000080024d4                HAL_RCC_GetSysClockFreq
 .text.HAL_RCC_ClockConfig
                0x0000000008002530      0x138 ./Drivers/STM32F4xx_HAL_Driver/stm32f4xx_hal_rcc.o
                0x0000000008002530                HAL_RCC_ClockConfig
 .text.HAL_RCCEx_PeriphCLKConfig
                0x0000000008002668      0x254 ./Drivers/STM32F4xx_HAL_Driver/stm32f4xx_hal_rcc_ex.o
                0x0000000008002668                HAL_RCCEx_PeriphCLKConfig
 .text.HAL_SDRAM_MspInit
                0x00000000080028bc        0x2 ./Drivers/STM32F4xx_HAL_Driver/stm32f4xx_hal_sdram.o
                0x00000000080028bc                HAL_SDRAM_MspInit
 .text.HAL_SDRAM_Init
                0x00000000080028be       0x40 ./Drivers/STM32F4xx_HAL_Driver/stm32f4xx_hal_sdram.o
                0x00000000080028be                HAL_SDRAM_Init
 .text.HAL_SDRAM_SendCommand
                0x00000000080028fe       0x2e ./Drivers/STM32F4xx_HAL_Driver/stm32f4xx_hal_sdram.o
                0x00000000080028fe                HAL_SDRAM_SendCommand
 .text.HAL_SDRAM_ProgramRefreshRate
                0x000000000800292c       0x24 ./Drivers/STM32F4xx_HAL_Driver/stm32f4xx_hal_sdram.o
                0x000000000800292c                HAL_SDRAM_ProgramRefreshRate
 .text.SPI_WaitFlagStateUntilTimeout
                0x0000000008002950       0xb8 ./Drivers/STM32F4xx_HAL_Driver/stm32f4xx_hal_spi.o
 .text.SPI_EndRxTxTransaction
                0x0000000008002a08       0x5c ./Drivers/STM32F4xx_HAL_Driver/stm32f4xx_hal_spi.o
 .text.SPI_EndRxTransaction
                0x0000000008002a64       0x5c ./Drivers/STM32F4xx_HAL_Driver/stm32f4xx_hal_spi.o
 .text.HAL_SPI_MspInit
                0x0000000008002ac0        0x2 ./Drivers/STM32F4xx_HAL_Driver/stm32f4xx_hal_spi.o
                0x0000000008002ac0                HAL_SPI_MspInit
 .text.HAL_SPI_Init
                0x0000000008002ac2       0xc2 ./Drivers/STM32F4xx_HAL_Driver/stm32f4xx_hal_spi.o
                0x0000000008002ac2                HAL_SPI_Init
 .text.HAL_SPI_MspDeInit
                0x0000000008002b84        0x2 ./Drivers/STM32F4xx_HAL_Driver/stm32f4xx_hal_spi.o
                0x0000000008002b84                HAL_SPI_MspDeInit
 .text.HAL_SPI_DeInit
                0x0000000008002b86       0x2c ./Drivers/STM32F4xx_HAL_Driver/stm32f4xx_hal_spi.o
                0x0000000008002b86                HAL_SPI_DeInit
 .text.HAL_SPI_Transmit
                0x0000000008002bb2      0x180 ./Drivers/STM32F4xx_HAL_Driver/stm32f4xx_hal_spi.o
                0x0000000008002bb2                HAL_SPI_Transmit
 .text.HAL_SPI_TransmitReceive
                0x0000000008002d32      0x288 ./Drivers/STM32F4xx_HAL_Driver/stm32f4xx_hal_spi.o
                0x0000000008002d32                HAL_SPI_TransmitReceive
 .text.HAL_SPI_Receive
                0x0000000008002fba      0x1ce ./Drivers/STM32F4xx_HAL_Driver/stm32f4xx_hal_spi.o
                0x0000000008002fba                HAL_SPI_Receive
 .text.HAL_SPI_GetState
                0x0000000008003188        0x6 ./Drivers/STM32F4xx_HAL_Driver/stm32f4xx_hal_spi.o
                0x0000000008003188                HAL_SPI_GetState
 *fill*         0x000000000800318e        0x2 
 .text.FMC_SDRAM_Init
                0x0000000008003190       0x6c ./Drivers/STM32F4xx_HAL_Driver/stm32f4xx_ll_fmc.o
                0x0000000008003190                FMC_SDRAM_Init
 .text.FMC_SDRAM_Timing_Init
                0x00000000080031fc       0x78 ./Drivers/STM32F4xx_HAL_Driver/stm32f4xx_ll_fmc.o
                0x00000000080031fc                FMC_SDRAM_Timing_Init
 .text.FMC_SDRAM_SendCommand
                0x0000000008003274       0x4e ./Drivers/STM32F4xx_HAL_Driver/stm32f4xx_ll_fmc.o
                0x0000000008003274                FMC_SDRAM_SendCommand
 .text.FMC_SDRAM_ProgramRefreshRate
                0x00000000080032c2        0xc ./Drivers/STM32F4xx_HAL_Driver/stm32f4xx_ll_fmc.o
                0x00000000080032c2                FMC_SDRAM_ProgramRefreshRate
 *fill*         0x00000000080032ce        0x2 
 .text.USB_FlushTxFifo
                0x00000000080032d0       0x30 ./Drivers/STM32F4xx_HAL_Driver/stm32f4xx_ll_usb.o
                0x00000000080032d0                USB_FlushTxFifo
 .text.USB_FlushRxFifo
                0x0000000008003300       0x2c ./Drivers/STM32F4xx_HAL_Driver/stm32f4xx_ll_usb.o
                0x0000000008003300                USB_FlushRxFifo
 .text.USB_ReadPacket
                0x000000000800332c       0x46 ./Drivers/STM32F4xx_HAL_Driver/stm32f4xx_ll_usb.o
                0x000000000800332c                USB_ReadPacket
 .text.USB_ReadInterrupts
                0x0000000008003372        0x8 ./Drivers/STM32F4xx_HAL_Driver/stm32f4xx_ll_usb.o
                0x0000000008003372                USB_ReadInterrupts
 .text.USB_GetMode
                0x000000000800337a        0x8 ./Drivers/STM32F4xx_HAL_Driver/stm32f4xx_ll_usb.o
                0x000000000800337a                USB_GetMode
 .text.USB_InitFSLSPClkSel
                0x0000000008003382       0x38 ./Drivers/STM32F4xx_HAL_Driver/stm32f4xx_ll_usb.o
                0x0000000008003382                USB_InitFSLSPClkSel
 .text.USB_HC_ReadInterrupt
                0x00000000080033ba        0xa ./Drivers/STM32F4xx_HAL_Driver/stm32f4xx_ll_usb.o
                0x00000000080033ba                USB_HC_ReadInterrupt
 .text.USB_HC_Halt
                0x00000000080033c4       0xbe ./Drivers/STM32F4xx_HAL_Driver/stm32f4xx_ll_usb.o
                0x00000000080033c4                USB_HC_Halt
 .text.USB_StopHost
                0x0000000008003482       0x6c ./Drivers/STM32F4xx_HAL_Driver/stm32f4xx_ll_usb.o
                0x0000000008003482                USB_StopHost
 *fill*         0x00000000080034ee        0x2 
 .text.Reset_Handler
                0x00000000080034f0       0x50 ./Example/SW4STM32/startup_stm32f429xx.o
                0x00000000080034f0                Reset_Handler
 .text.Default_Handler
                0x0000000008003540        0x2 ./Example/SW4STM32/startup_stm32f429xx.o
                0x0000000008003540                DMA1_Stream3_IRQHandler
                0x0000000008003540                HASH_RNG_IRQHandler
                0x0000000008003540                EXTI2_IRQHandler
                0x0000000008003540                TIM8_CC_IRQHandler
                0x0000000008003540                UART8_IRQHandler
                0x0000000008003540                SPI4_IRQHandler
                0x0000000008003540                TIM1_CC_IRQHandler
                0x0000000008003540                DMA2_Stream5_IRQHandler
                0x0000000008003540                DMA1_Stream5_IRQHandler
                0x0000000008003540                PVD_IRQHandler
                0x0000000008003540                SDIO_IRQHandler
                0x0000000008003540                TAMP_STAMP_IRQHandler
                0x0000000008003540                CAN2_RX1_IRQHandler
                0x0000000008003540                EXTI3_IRQHandler
                0x0000000008003540                TIM8_TRG_COM_TIM14_IRQHandler
                0x0000000008003540                TIM1_UP_TIM10_IRQHandler
                0x0000000008003540                TIM8_UP_TIM13_IRQHandler
                0x0000000008003540                I2C3_ER_IRQHandler
                0x0000000008003540                EXTI0_IRQHandler
                0x0000000008003540                I2C2_EV_IRQHandler
                0x0000000008003540                DMA1_Stream2_IRQHandler
                0x0000000008003540                CAN1_RX0_IRQHandler
                0x0000000008003540                FPU_IRQHandler
                0x0000000008003540                OTG_HS_WKUP_IRQHandler
                0x0000000008003540                LTDC_ER_IRQHandler
                0x0000000008003540                CAN2_SCE_IRQHandler
                0x0000000008003540                DMA2_Stream2_IRQHandler
                0x0000000008003540                SPI1_IRQHandler
                0x0000000008003540                TIM6_DAC_IRQHandler
                0x0000000008003540                TIM1_BRK_TIM9_IRQHandler
                0x0000000008003540                DCMI_IRQHandler
                0x0000000008003540                CAN2_RX0_IRQHandler
                0x0000000008003540                DMA2_Stream3_IRQHandler
                0x0000000008003540                USART6_IRQHandler
                0x0000000008003540                USART3_IRQHandler
                0x0000000008003540                CAN1_RX1_IRQHandler
                0x0000000008003540                UART5_IRQHandler
                0x0000000008003540                DMA2_Stream0_IRQHandler
                0x0000000008003540                TIM4_IRQHandler
                0x0000000008003540                I2C1_EV_IRQHandler
                0x0000000008003540                DMA1_Stream6_IRQHandler
                0x0000000008003540                DMA1_Stream1_IRQHandler
                0x0000000008003540                UART4_IRQHandler
                0x0000000008003540                TIM3_IRQHandler
                0x0000000008003540                RCC_IRQHandler
                0x0000000008003540                TIM8_BRK_TIM12_IRQHandler
                0x0000000008003540                Default_Handler
                0x0000000008003540                EXTI15_10_IRQHandler
                0x0000000008003540                ADC_IRQHandler
                0x0000000008003540                DMA1_Stream7_IRQHandler
                0x0000000008003540                SPI5_IRQHandler
                0x0000000008003540                TIM7_IRQHandler
                0x0000000008003540                CAN2_TX_IRQHandler
                0x0000000008003540                TIM5_IRQHandler
                0x0000000008003540                DMA2_Stream7_IRQHandler
                0x0000000008003540                I2C3_EV_IRQHandler
                0x0000000008003540                EXTI9_5_IRQHandler
                0x0000000008003540                RTC_WKUP_IRQHandler
                0x0000000008003540                LTDC_IRQHandler
                0x0000000008003540                ETH_WKUP_IRQHandler
                0x0000000008003540                SPI2_IRQHandler
                0x0000000008003540                OTG_HS_EP1_IN_IRQHandler
                0x0000000008003540                DMA1_Stream0_IRQHandler
                0x0000000008003540                CAN1_TX_IRQHandler
                0x0000000008003540                EXTI4_IRQHandler
                0x0000000008003540                ETH_IRQHandler
                0x0000000008003540                OTG_HS_EP1_OUT_IRQHandler
                0x0000000008003540                WWDG_IRQHandler
                0x0000000008003540                SPI6_IRQHandler
                0x0000000008003540                TIM2_IRQHandler
                0x0000000008003540                OTG_FS_WKUP_IRQHandler
                0x0000000008003540                TIM1_TRG_COM_TIM11_IRQHandler
                0x0000000008003540                DMA2D_IRQHandler
                0x0000000008003540                EXTI1_IRQHandler
                0x0000000008003540                UART7_IRQHandler
                0x0000000008003540                USART2_IRQHandler
                0x0000000008003540                I2C2_ER_IRQHandler
                0x0000000008003540                DMA2_Stream1_IRQHandler
                0x0000000008003540                CAN1_SCE_IRQHandler
                0x0000000008003540                FLASH_IRQHandler
                0x0000000008003540                DMA2_Stream4_IRQHandler
                0x0000000008003540                USART1_IRQHandler
                0x0000000008003540                OTG_FS_IRQHandler
                0x0000000008003540                SPI3_IRQHandler
                0x0000000008003540                DMA1_Stream4_IRQHandler
                0x0000000008003540                I2C1_ER_IRQHandler
                0x0000000008003540                FMC_IRQHandler
                0x0000000008003540                DMA2_Stream6_IRQHandler
                0x0000000008003540                SAI1_IRQHandler
                0x0000000008003540                RTC_Alarm_IRQHandler
 *fill*         0x0000000008003542        0x2 
 .text.startup.main
                0x0000000008003544      0x1f0 ./Example/User/main.o
                0x0000000008003544                main
 .text.NMI_Handler
                0x0000000008003734        0x2 ./Example/User/stm32f4xx_it.o
                0x0000000008003734                NMI_Handler
 .text.HardFault_Handler
                0x0000000008003736        0x2 ./Example/User/stm32f4xx_it.o
                0x0000000008003736                HardFault_Handler
 .text.MemManage_Handler
                0x0000000008003738        0x2 ./Example/User/stm32f4xx_it.o
                0x0000000008003738                MemManage_Handler
 .text.BusFault_Handler
                0x000000000800373a        0x2 ./Example/User/stm32f4xx_it.o
                0x000000000800373a                BusFault_Handler
 .text.UsageFault_Handler
                0x000000000800373c        0x2 ./Example/User/stm32f4xx_it.o
                0x000000000800373c                UsageFault_Handler
 .text.SVC_Handler
                0x000000000800373e        0x2 ./Example/User/stm32f4xx_it.o
                0x000000000800373e                SVC_Handler
 .text.DebugMon_Handler
                0x0000000008003740        0x2 ./Example/User/stm32f4xx_it.o
                0x0000000008003740                DebugMon_Handler
 .text.PendSV_Handler
                0x0000000008003742        0x2 ./Example/User/stm32f4xx_it.o
                0x0000000008003742                PendSV_Handler
 .text.SysTick_Handler
                0x0000000008003744        0x4 ./Example/User/stm32f4xx_it.o
                0x0000000008003744                SysTick_Handler
 .text.OTG_HS_IRQHandler
                0x0000000008003748        0xc ./Example/User/stm32f4xx_it.o
                0x0000000008003748                OTG_HS_IRQHandler
 .text.HAL_HCD_SOF_Callback
                0x0000000008003754        0x8 ./Example/User/usbh_conf.o
                0x0000000008003754                HAL_HCD_SOF_Callback
 .text.HAL_HCD_Connect_Callback
                0x000000000800375c        0x8 ./Example/User/usbh_conf.o
                0x000000000800375c                HAL_HCD_Connect_Callback
 .text.HAL_HCD_Disconnect_Callback
                0x0000000008003764        0x8 ./Example/User/usbh_conf.o
                0x0000000008003764                HAL_HCD_Disconnect_Callback
 .text.HAL_HCD_PortEnabled_Callback
                0x000000000800376c        0x8 ./Example/User/usbh_conf.o
                0x000000000800376c                HAL_HCD_PortEnabled_Callback
 .text.HAL_HCD_PortDisabled_Callback
                0x0000000008003774        0x8 ./Example/User/usbh_conf.o
                0x0000000008003774                HAL_HCD_PortDisabled_Callback
 .text.HAL_HCD_HC_NotifyURBChange_Callback
                0x000000000800377c        0x2 ./Example/User/usbh_conf.o
                0x000000000800377c                HAL_HCD_HC_NotifyURBChange_Callback
 .text.USBH_LL_Stop
                0x000000000800377e        0xe ./Example/User/usbh_conf.o
                0x000000000800377e                USBH_LL_Stop
 .text.USBH_LL_IncTimer
                0x000000000800378c       0x1c ./Middlewares/STM32_USBH_Library/Core/usbh_core.o
                0x000000000800378c                USBH_LL_IncTimer
 .text.USBH_LL_PortEnabled
                0x00000000080037a8        0x8 ./Middlewares/STM32_USBH_Library/Core/usbh_core.o
                0x00000000080037a8                USBH_LL_PortEnabled
 .text.USBH_LL_PortDisabled
                0x00000000080037b0        0x8 ./Middlewares/STM32_USBH_Library/Core/usbh_core.o
                0x00000000080037b0                USBH_LL_PortDisabled
 .text.USBH_LL_Connect
                0x00000000080037b8       0x14 ./Middlewares/STM32_USBH_Library/Core/usbh_core.o
                0x00000000080037b8                USBH_LL_Connect
 .text.USBH_LL_Disconnect
                0x00000000080037cc       0x2c ./Middlewares/STM32_USBH_Library/Core/usbh_core.o
                0x00000000080037cc                USBH_LL_Disconnect
 .text.USBH_FreePipe
                0x00000000080037f8       0x1c ./Middlewares/STM32_USBH_Library/Core/usbh_pipes.o
                0x00000000080037f8                USBH_FreePipe
 .text.__libc_init_array
                0x0000000008003814       0x48 /Applications/STM32CubeIDE.app/Contents/Eclipse/plugins/com.st.stm32cube.ide.mcu.externaltools.gnu-tools-for-stm32.9-2020-q2-update.macos64_2.0.0.202105311346/tools/bin/../lib/gcc/arm-none-eabi/9.3.1/../../../../arm-none-eabi/lib/thumb/v7e-m+fp/hard/libc_nano.a(lib_a-init.o)
                0x0000000008003814                __libc_init_array
 .text.memset   0x000000000800385c       0x10 /Applications/STM32CubeIDE.app/Contents/Eclipse/plugins/com.st.stm32cube.ide.mcu.externaltools.gnu-tools-for-stm32.9-2020-q2-update.macos64_2.0.0.202105311346/tools/bin/../lib/gcc/arm-none-eabi/9.3.1/../../../../arm-none-eabi/lib/thumb/v7e-m+fp/hard/libc_nano.a(lib_a-memset.o)
                0x000000000800385c                memset
 *(.glue_7)
 .glue_7        0x000000000800386c        0x0 linker stubs
 *(.glue_7t)
 .glue_7t       0x000000000800386c        0x0 linker stubs
 *(.eh_frame)
 .eh_frame      0x000000000800386c        0x0 /Applications/STM32CubeIDE.app/Contents/Eclipse/plugins/com.st.stm32cube.ide.mcu.externaltools.gnu-tools-for-stm32.9-2020-q2-update.macos64_2.0.0.202105311346/tools/bin/../lib/gcc/arm-none-eabi/9.3.1/thumb/v7e-m+fp/hard/crtbegin.o
 *(.init)
 .init          0x000000000800386c        0x4 /Applications/STM32CubeIDE.app/Contents/Eclipse/plugins/com.st.stm32cube.ide.mcu.externaltools.gnu-tools-for-stm32.9-2020-q2-update.macos64_2.0.0.202105311346/tools/bin/../lib/gcc/arm-none-eabi/9.3.1/thumb/v7e-m+fp/hard/crti.o
                0x000000000800386c                _init
 .init          0x0000000008003870        0x8 /Applications/STM32CubeIDE.app/Contents/Eclipse/plugins/com.st.stm32cube.ide.mcu.externaltools.gnu-tools-for-stm32.9-2020-q2-update.macos64_2.0.0.202105311346/tools/bin/../lib/gcc/arm-none-eabi/9.3.1/thumb/v7e-m+fp/hard/crtn.o
 *(.fini)
 .fini          0x0000000008003878        0x4 /Applications/STM32CubeIDE.app/Contents/Eclipse/plugins/com.st.stm32cube.ide.mcu.externaltools.gnu-tools-for-stm32.9-2020-q2-update.macos64_2.0.0.202105311346/tools/bin/../lib/gcc/arm-none-eabi/9.3.1/thumb/v7e-m+fp/hard/crti.o
                0x0000000008003878                _fini
 .fini          0x000000000800387c        0x8 /Applications/STM32CubeIDE.app/Contents/Eclipse/plugins/com.st.stm32cube.ide.mcu.externaltools.gnu-tools-for-stm32.9-2020-q2-update.macos64_2.0.0.202105311346/tools/bin/../lib/gcc/arm-none-eabi/9.3.1/thumb/v7e-m+fp/hard/crtn.o
                0x0000000008003884                . = ALIGN (0x4)
                0x0000000008003884                _etext = .

.vfp11_veneer   0x0000000008003884        0x0
 .vfp11_veneer  0x0000000008003884        0x0 linker stubs

.v4_bx          0x0000000008003884        0x0
 .v4_bx         0x0000000008003884        0x0 linker stubs

.iplt           0x0000000008003884        0x0
 .iplt          0x0000000008003884        0x0 /Applications/STM32CubeIDE.app/Contents/Eclipse/plugins/com.st.stm32cube.ide.mcu.externaltools.gnu-tools-for-stm32.9-2020-q2-update.macos64_2.0.0.202105311346/tools/bin/../lib/gcc/arm-none-eabi/9.3.1/thumb/v7e-m+fp/hard/crtbegin.o

.rodata         0x0000000008003884     0x3d04
                0x0000000008003884                . = ALIGN (0x4)
 *(.rodata)
 .rodata        0x0000000008003884        0x8 ./Drivers/BSP/STM32F429I_DISCO/stm32f429i_discovery.o
                0x0000000008003884                GPIO_PIN
                0x0000000008003888                BUTTON_IRQn
                0x000000000800388a                BUTTON_PIN
 .rodata        0x000000000800388c     0x3cdc ./Drivers/BSP/STM32F429I_DISCO/stm32f429i_discovery_lcd.o
                0x000000000800388c                Font8_Table
                0x0000000008003b84                Font12_Table
                0x0000000008003ff8                Font16_Table
                0x0000000008004bd8                Font20_Table
                0x0000000008005ab0                Font24_Table
 .rodata        0x0000000008007568       0x18 ./Drivers/CMSIS/system_stm32f4xx.o
                0x0000000008007568                AHBPrescTable
                0x0000000008007578                APBPrescTable
 .rodata        0x0000000008007580        0x8 ./Drivers/STM32F4xx_HAL_Driver/stm32f4xx_hal_dma.o
 *(.rodata*)
                0x0000000008007588                . = ALIGN (0x4)

.ARM.extab
 *(.ARM.extab* .gnu.linkonce.armextab.*)

.ARM            0x0000000008007588        0x8
                0x0000000008007588                __exidx_start = .
 *(.ARM.exidx*)
 .ARM.exidx     0x0000000008007588        0x8 /Applications/STM32CubeIDE.app/Contents/Eclipse/plugins/com.st.stm32cube.ide.mcu.externaltools.gnu-tools-for-stm32.9-2020-q2-update.macos64_2.0.0.202105311346/tools/bin/../lib/gcc/arm-none-eabi/9.3.1/thumb/v7e-m+fp/hard/libgcc.a(_udivmoddi4.o)
                0x0000000008007590                __exidx_end = .

.rel.dyn        0x0000000008007590        0x0
 .rel.iplt      0x0000000008007590        0x0 /Applications/STM32CubeIDE.app/Contents/Eclipse/plugins/com.st.stm32cube.ide.mcu.externaltools.gnu-tools-for-stm32.9-2020-q2-update.macos64_2.0.0.202105311346/tools/bin/../lib/gcc/arm-none-eabi/9.3.1/thumb/v7e-m+fp/hard/crtbegin.o

.preinit_array  0x0000000008007590        0x0
                0x0000000008007590                PROVIDE (__preinit_array_start = .)
 *(.preinit_array*)
                0x0000000008007590                PROVIDE (__preinit_array_end = .)

.init_array     0x0000000008007590        0x4
                0x0000000008007590                PROVIDE (__init_array_start = .)
 *(SORT_BY_NAME(.init_array.*))
 *(.init_array*)
 .init_array    0x0000000008007590        0x4 /Applications/STM32CubeIDE.app/Contents/Eclipse/plugins/com.st.stm32cube.ide.mcu.externaltools.gnu-tools-for-stm32.9-2020-q2-update.macos64_2.0.0.202105311346/tools/bin/../lib/gcc/arm-none-eabi/9.3.1/thumb/v7e-m+fp/hard/crtbegin.o
                0x0000000008007594                PROVIDE (__init_array_end = .)

.fini_array     0x0000000008007594        0x4
                [!provide]                        PROVIDE (__fini_array_start = .)
 *(SORT_BY_NAME(.fini_array.*))
 *(.fini_array*)
 .fini_array    0x0000000008007594        0x4 /Applications/STM32CubeIDE.app/Contents/Eclipse/plugins/com.st.stm32cube.ide.mcu.externaltools.gnu-tools-for-stm32.9-2020-q2-update.macos64_2.0.0.202105311346/tools/bin/../lib/gcc/arm-none-eabi/9.3.1/thumb/v7e-m+fp/hard/crtbegin.o
                [!provide]                        PROVIDE (__fini_array_end = .)
                0x0000000008007598                _sidata = LOADADDR (.data)

.data           0x0000000020000000       0x88 load address 0x0000000008007598
                0x0000000020000000                . = ALIGN (0x4)
                0x0000000020000000                _sdata = .
 *(.data)
 .data          0x0000000020000000       0x38 ./Drivers/BSP/Components/ili9341.o
                0x0000000020000000                ili9341_drv
 .data          0x0000000020000038       0x14 ./Drivers/BSP/STM32F429I_DISCO/stm32f429i_discovery.o
                0x0000000020000038                SpixTimeout
                0x000000002000003c                GPIO_PORT
                0x0000000020000044                BUTTON_PORT
                0x0000000020000048                I2cxTimeout
 .data          0x000000002000004c       0x28 ./Drivers/BSP/STM32F429I_DISCO/stm32f429i_discovery_lcd.o
                0x000000002000004c                Font24
                0x0000000020000054                Font8
                0x000000002000005c                Font12
                0x0000000020000064                Font16
                0x000000002000006c                Font20
 .data          0x0000000020000074        0x1 ./Drivers/BSP/STM32F429I_DISCO/stm32f429i_discovery_sdram.o
 *fill*         0x0000000020000075        0x3 
 .data          0x0000000020000078        0x4 ./Drivers/CMSIS/system_stm32f4xx.o
                0x0000000020000078                SystemCoreClock
 .data          0x000000002000007c        0x8 ./Drivers/STM32F4xx_HAL_Driver/stm32f4xx_hal.o
                0x000000002000007c                uwTickFreq
                0x0000000020000080                uwTickPrio
 .data          0x0000000020000084        0x4 ./Example/User/main.o
                0x0000000020000084                imageBufferPtr
 *(.data*)
                0x0000000020000088                . = ALIGN (0x4)
                0x0000000020000088                _edata = .
                0x0000000008007620                _siccmram = LOADADDR (.ccmram)

.igot.plt       0x0000000020000088        0x0 load address 0x0000000008007620
 .igot.plt      0x0000000020000088        0x0 /Applications/STM32CubeIDE.app/Contents/Eclipse/plugins/com.st.stm32cube.ide.mcu.externaltools.gnu-tools-for-stm32.9-2020-q2-update.macos64_2.0.0.202105311346/tools/bin/../lib/gcc/arm-none-eabi/9.3.1/thumb/v7e-m+fp/hard/crtbegin.o

.ccmram         0x0000000010000000        0x0 load address 0x0000000008007620
                0x0000000010000000                . = ALIGN (0x4)
                0x0000000010000000                _sccmram = .
 *(.ccmram)
 *(.ccmram*)
                0x0000000010000000                . = ALIGN (0x4)
                0x0000000010000000                _eccmram = .
                0x0000000010000000                . = ALIGN (0x4)

.bss            0x0000000020000088     0x3864
                0x0000000020000088                _sbss = .
                0x0000000020000088                __bss_start__ = _sbss
 *(.bss)
 .bss           0x0000000020000088       0x1c /Applications/STM32CubeIDE.app/Contents/Eclipse/plugins/com.st.stm32cube.ide.mcu.externaltools.gnu-tools-for-stm32.9-2020-q2-update.macos64_2.0.0.202105311346/tools/bin/../lib/gcc/arm-none-eabi/9.3.1/thumb/v7e-m+fp/hard/crtbegin.o
 .bss           0x00000000200000a4       0x59 ./Drivers/BSP/STM32F429I_DISCO/stm32f429i_discovery.o
 *fill*         0x00000000200000fd        0x3 
 .bss           0x0000000020000100       0x8c ./Drivers/BSP/STM32F429I_DISCO/stm32f429i_discovery_lcd.o
 .bss           0x000000002000018c      0x120 ./Drivers/BSP/STM32F429I_DISCO/stm32f429i_discovery_sdram.o
 .bss           0x00000000200002ac     0x3232 ./Example/User/main.o
                0x00000000200002ac                isEndOfFrame
                0x00000000200002b0                spi_data
 *(.bss*)
 *(COMMON)
 *fill*         0x00000000200034de        0x2 
 COMMON         0x00000000200034e0       0xac ./Drivers/BSP/STM32F429I_DISCO/stm32f429i_discovery_lcd.o
                0x00000000200034e0                LtdcHandler
                0x0000000020003588                LcdDrv
 COMMON         0x000000002000358c        0x4 ./Drivers/STM32F4xx_HAL_Driver/stm32f4xx_hal.o
                0x000000002000358c                uwTick
 COMMON         0x0000000020003590       0x58 ./Example/User/main.o
                0x0000000020003590                hspi4
 COMMON         0x00000000200035e8      0x304 ./Example/User/usbh_conf.o
                0x00000000200035e8                hhcd
                0x00000000200038ec                . = ALIGN (0x4)
                0x00000000200038ec                _ebss = .
                0x00000000200038ec                __bss_end__ = _ebss

._user_heap_stack
                0x00000000200038ec     0x8004
                0x00000000200038f0                . = ALIGN (0x8)
 *fill*         0x00000000200038ec        0x4 
                0x00000000200038f0                PROVIDE (end = .)
                [!provide]                        PROVIDE (_end = .)
                0x00000000200078f0                . = (. + _Min_Heap_Size)
 *fill*         0x00000000200038f0     0x4000 
                0x000000002000b8f0                . = (. + _Min_Stack_Size)
 *fill*         0x00000000200078f0     0x4000 
                0x000000002000b8f0                . = ALIGN (0x8)

/DISCARD/
 libc.a(*)
 libm.a(*)
 libgcc.a(*)

.ARM.attributes
                0x0000000000000000       0x30
 *(.ARM.attributes)
 .ARM.attributes
                0x0000000000000000       0x1e /Applications/STM32CubeIDE.app/Contents/Eclipse/plugins/com.st.stm32cube.ide.mcu.externaltools.gnu-tools-for-stm32.9-2020-q2-update.macos64_2.0.0.202105311346/tools/bin/../lib/gcc/arm-none-eabi/9.3.1/thumb/v7e-m+fp/hard/crti.o
 .ARM.attributes
                0x000000000000001e       0x34 /Applications/STM32CubeIDE.app/Contents/Eclipse/plugins/com.st.stm32cube.ide.mcu.externaltools.gnu-tools-for-stm32.9-2020-q2-update.macos64_2.0.0.202105311346/tools/bin/../lib/gcc/arm-none-eabi/9.3.1/thumb/v7e-m+fp/hard/crtbegin.o
 .ARM.attributes
                0x0000000000000052       0x34 ./Drivers/BSP/Components/ili9341.o
 .ARM.attributes
                0x0000000000000086       0x34 ./Drivers/BSP/STM32F429I_DISCO/stm32f429i_discovery.o
 .ARM.attributes
                0x00000000000000ba       0x34 ./Drivers/BSP/STM32F429I_DISCO/stm32f429i_discovery_lcd.o
 .ARM.attributes
                0x00000000000000ee       0x34 ./Drivers/BSP/STM32F429I_DISCO/stm32f429i_discovery_sdram.o
 .ARM.attributes
                0x0000000000000122       0x34 ./Drivers/CMSIS/system_stm32f4xx.o
 .ARM.attributes
                0x0000000000000156       0x34 ./Drivers/STM32F4xx_HAL_Driver/stm32f4xx_hal.o
 .ARM.attributes
                0x000000000000018a       0x34 ./Drivers/STM32F4xx_HAL_Driver/stm32f4xx_hal_cortex.o
 .ARM.attributes
                0x00000000000001be       0x34 ./Drivers/STM32F4xx_HAL_Driver/stm32f4xx_hal_dma.o
 .ARM.attributes
                0x00000000000001f2       0x34 ./Drivers/STM32F4xx_HAL_Driver/stm32f4xx_hal_dma2d.o
 .ARM.attributes
                0x0000000000000226       0x34 ./Drivers/STM32F4xx_HAL_Driver/stm32f4xx_hal_gpio.o
 .ARM.attributes
                0x000000000000025a       0x34 ./Drivers/STM32F4xx_HAL_Driver/stm32f4xx_hal_hcd.o
 .ARM.attributes
                0x000000000000028e       0x34 ./Drivers/STM32F4xx_HAL_Driver/stm32f4xx_hal_ltdc.o
 .ARM.attributes
                0x00000000000002c2       0x34 ./Drivers/STM32F4xx_HAL_Driver/stm32f4xx_hal_rcc.o
 .ARM.attributes
                0x00000000000002f6       0x34 ./Drivers/STM32F4xx_HAL_Driver/stm32f4xx_hal_rcc_ex.o
 .ARM.attributes
                0x000000000000032a       0x34 ./Drivers/STM32F4xx_HAL_Driver/stm32f4xx_hal_sdram.o
 .ARM.attributes
                0x000000000000035e       0x34 ./Drivers/STM32F4xx_HAL_Driver/stm32f4xx_hal_spi.o
 .ARM.attributes
                0x0000000000000392       0x34 ./Drivers/STM32F4xx_HAL_Driver/stm32f4xx_ll_fmc.o
 .ARM.attributes
                0x00000000000003c6       0x34 ./Drivers/STM32F4xx_HAL_Driver/stm32f4xx_ll_usb.o
 .ARM.attributes
                0x00000000000003fa       0x21 ./Example/SW4STM32/startup_stm32f429xx.o
 .ARM.attributes
                0x000000000000041b       0x34 ./Example/User/main.o
 .ARM.attributes
                0x000000000000044f       0x34 ./Example/User/stm32f4xx_it.o
 .ARM.attributes
                0x0000000000000483       0x34 ./Example/User/usbh_conf.o
 .ARM.attributes
                0x00000000000004b7       0x34 ./Middlewares/STM32_USBH_Library/Core/usbh_core.o
 .ARM.attributes
                0x00000000000004eb       0x34 ./Middlewares/STM32_USBH_Library/Core/usbh_pipes.o
 .ARM.attributes
                0x000000000000051f       0x34 /Applications/STM32CubeIDE.app/Contents/Eclipse/plugins/com.st.stm32cube.ide.mcu.externaltools.gnu-tools-for-stm32.9-2020-q2-update.macos64_2.0.0.202105311346/tools/bin/../lib/gcc/arm-none-eabi/9.3.1/../../../../arm-none-eabi/lib/thumb/v7e-m+fp/hard/libc_nano.a(lib_a-init.o)
 .ARM.attributes
                0x0000000000000553       0x34 /Applications/STM32CubeIDE.app/Contents/Eclipse/plugins/com.st.stm32cube.ide.mcu.externaltools.gnu-tools-for-stm32.9-2020-q2-update.macos64_2.0.0.202105311346/tools/bin/../lib/gcc/arm-none-eabi/9.3.1/../../../../arm-none-eabi/lib/thumb/v7e-m+fp/hard/libc_nano.a(lib_a-memset.o)
 .ARM.attributes
                0x0000000000000587       0x1e /Applications/STM32CubeIDE.app/Contents/Eclipse/plugins/com.st.stm32cube.ide.mcu.externaltools.gnu-tools-for-stm32.9-2020-q2-update.macos64_2.0.0.202105311346/tools/bin/../lib/gcc/arm-none-eabi/9.3.1/thumb/v7e-m+fp/hard/libgcc.a(_aeabi_uldivmod.o)
 .ARM.attributes
                0x00000000000005a5       0x34 /Applications/STM32CubeIDE.app/Contents/Eclipse/plugins/com.st.stm32cube.ide.mcu.externaltools.gnu-tools-for-stm32.9-2020-q2-update.macos64_2.0.0.202105311346/tools/bin/../lib/gcc/arm-none-eabi/9.3.1/thumb/v7e-m+fp/hard/libgcc.a(_udivmoddi4.o)
 .ARM.attributes
                0x00000000000005d9       0x1e /Applications/STM32CubeIDE.app/Contents/Eclipse/plugins/com.st.stm32cube.ide.mcu.externaltools.gnu-tools-for-stm32.9-2020-q2-update.macos64_2.0.0.202105311346/tools/bin/../lib/gcc/arm-none-eabi/9.3.1/thumb/v7e-m+fp/hard/libgcc.a(_dvmd_tls.o)
 .ARM.attributes
                0x00000000000005f7       0x1e /Applications/STM32CubeIDE.app/Contents/Eclipse/plugins/com.st.stm32cube.ide.mcu.externaltools.gnu-tools-for-stm32.9-2020-q2-update.macos64_2.0.0.202105311346/tools/bin/../lib/gcc/arm-none-eabi/9.3.1/thumb/v7e-m+fp/hard/crtn.o
OUTPUT(LTDC_Paint.elf elf32-littlearm)
LOAD linker stubs
LOAD /Applications/STM32CubeIDE.app/Contents/Eclipse/plugins/com.st.stm32cube.ide.mcu.externaltools.gnu-tools-for-stm32.9-2020-q2-update.macos64_2.0.0.202105311346/tools/bin/../lib/gcc/arm-none-eabi/9.3.1/../../../../arm-none-eabi/lib/thumb/v7e-m+fp/hard/libc.a
LOAD /Applications/STM32CubeIDE.app/Contents/Eclipse/plugins/com.st.stm32cube.ide.mcu.externaltools.gnu-tools-for-stm32.9-2020-q2-update.macos64_2.0.0.202105311346/tools/bin/../lib/gcc/arm-none-eabi/9.3.1/../../../../arm-none-eabi/lib/thumb/v7e-m+fp/hard/libm.a
LOAD /Applications/STM32CubeIDE.app/Contents/Eclipse/plugins/com.st.stm32cube.ide.mcu.externaltools.gnu-tools-for-stm32.9-2020-q2-update.macos64_2.0.0.202105311346/tools/bin/../lib/gcc/arm-none-eabi/9.3.1/thumb/v7e-m+fp/hard/libgcc.a

.debug_info     0x0000000000000000    0x218bc
 .debug_info    0x0000000000000000     0x1bed ./Drivers/BSP/Components/ili9341.o
 .debug_info    0x0000000000001bed     0x249b ./Drivers/BSP/STM32F429I_DISCO/stm32f429i_discovery.o
 .debug_info    0x0000000000004088     0x3392 ./Drivers/BSP/STM32F429I_DISCO/stm32f429i_discovery_lcd.o
 .debug_info    0x000000000000741a     0x146b ./Drivers/BSP/STM32F429I_DISCO/stm32f429i_discovery_sdram.o
 .debug_info    0x0000000000008885      0x5d9 ./Drivers/CMSIS/system_stm32f4xx.o
 .debug_info    0x0000000000008e5e      0xb29 ./Drivers/STM32F4xx_HAL_Driver/stm32f4xx_hal.o
 .debug_info    0x0000000000009987     0x117e ./Drivers/STM32F4xx_HAL_Driver/stm32f4xx_hal_cortex.o
 .debug_info    0x000000000000ab05      0xbfa ./Drivers/STM32F4xx_HAL_Driver/stm32f4xx_hal_dma.o
 .debug_info    0x000000000000b6ff     0x1449 ./Drivers/STM32F4xx_HAL_Driver/stm32f4xx_hal_dma2d.o
 .debug_info    0x000000000000cb48      0x8a0 ./Drivers/STM32F4xx_HAL_Driver/stm32f4xx_hal_gpio.o
 .debug_info    0x000000000000d3e8     0x151a ./Drivers/STM32F4xx_HAL_Driver/stm32f4xx_hal_hcd.o
 .debug_info    0x000000000000e902     0x15f2 ./Drivers/STM32F4xx_HAL_Driver/stm32f4xx_hal_ltdc.o
 .debug_info    0x000000000000fef4      0xbf1 ./Drivers/STM32F4xx_HAL_Driver/stm32f4xx_hal_rcc.o
 .debug_info    0x0000000000010ae5      0x8db ./Drivers/STM32F4xx_HAL_Driver/stm32f4xx_hal_rcc_ex.o
 .debug_info    0x00000000000113c0      0xf91 ./Drivers/STM32F4xx_HAL_Driver/stm32f4xx_hal_sdram.o
 .debug_info    0x0000000000012351     0x2386 ./Drivers/STM32F4xx_HAL_Driver/stm32f4xx_hal_spi.o
 .debug_info    0x00000000000146d7     0x113f ./Drivers/STM32F4xx_HAL_Driver/stm32f4xx_ll_fmc.o
 .debug_info    0x0000000000015816     0x200a ./Drivers/STM32F4xx_HAL_Driver/stm32f4xx_ll_usb.o
 .debug_info    0x0000000000017820       0x22 ./Example/SW4STM32/startup_stm32f429xx.o
 .debug_info    0x0000000000017842     0x279e ./Example/User/main.o
 .debug_info    0x0000000000019fe0     0x1e99 ./Example/User/stm32f4xx_it.o
 .debug_info    0x000000000001be79     0x2713 ./Example/User/usbh_conf.o
 .debug_info    0x000000000001e58c     0x1e38 ./Middlewares/STM32_USBH_Library/Core/usbh_core.o
 .debug_info    0x00000000000203c4     0x14f8 ./Middlewares/STM32_USBH_Library/Core/usbh_pipes.o

.debug_abbrev   0x0000000000000000     0x4791
 .debug_abbrev  0x0000000000000000      0x228 ./Drivers/BSP/Components/ili9341.o
 .debug_abbrev  0x0000000000000228      0x463 ./Drivers/BSP/STM32F429I_DISCO/stm32f429i_discovery.o
 .debug_abbrev  0x000000000000068b      0x4a5 ./Drivers/BSP/STM32F429I_DISCO/stm32f429i_discovery_lcd.o
 .debug_abbrev  0x0000000000000b30      0x308 ./Drivers/BSP/STM32F429I_DISCO/stm32f429i_discovery_sdram.o
 .debug_abbrev  0x0000000000000e38      0x14b ./Drivers/CMSIS/system_stm32f4xx.o
 .debug_abbrev  0x0000000000000f83      0x27e ./Drivers/STM32F4xx_HAL_Driver/stm32f4xx_hal.o
 .debug_abbrev  0x0000000000001201      0x398 ./Drivers/STM32F4xx_HAL_Driver/stm32f4xx_hal_cortex.o
 .debug_abbrev  0x0000000000001599      0x356 ./Drivers/STM32F4xx_HAL_Driver/stm32f4xx_hal_dma.o
 .debug_abbrev  0x00000000000018ef      0x340 ./Drivers/STM32F4xx_HAL_Driver/stm32f4xx_hal_dma2d.o
 .debug_abbrev  0x0000000000001c2f      0x21d ./Drivers/STM32F4xx_HAL_Driver/stm32f4xx_hal_gpio.o
 .debug_abbrev  0x0000000000001e4c      0x361 ./Drivers/STM32F4xx_HAL_Driver/stm32f4xx_hal_hcd.o
 .debug_abbrev  0x00000000000021ad      0x29b ./Drivers/STM32F4xx_HAL_Driver/stm32f4xx_hal_ltdc.o
 .debug_abbrev  0x0000000000002448      0x315 ./Drivers/STM32F4xx_HAL_Driver/stm32f4xx_hal_rcc.o
 .debug_abbrev  0x000000000000275d      0x19b ./Drivers/STM32F4xx_HAL_Driver/stm32f4xx_hal_rcc_ex.o
 .debug_abbrev  0x00000000000028f8      0x299 ./Drivers/STM32F4xx_HAL_Driver/stm32f4xx_hal_sdram.o
 .debug_abbrev  0x0000000000002b91      0x382 ./Drivers/STM32F4xx_HAL_Driver/stm32f4xx_hal_spi.o
 .debug_abbrev  0x0000000000002f13      0x1ed ./Drivers/STM32F4xx_HAL_Driver/stm32f4xx_ll_fmc.o
 .debug_abbrev  0x0000000000003100      0x3c1 ./Drivers/STM32F4xx_HAL_Driver/stm32f4xx_ll_usb.o
 .debug_abbrev  0x00000000000034c1       0x12 ./Example/SW4STM32/startup_stm32f429xx.o
 .debug_abbrev  0x00000000000034d3      0x3e5 ./Example/User/main.o
 .debug_abbrev  0x00000000000038b8      0x2de ./Example/User/stm32f4xx_it.o
 .debug_abbrev  0x0000000000003b96      0x426 ./Example/User/usbh_conf.o
 .debug_abbrev  0x0000000000003fbc      0x48e ./Middlewares/STM32_USBH_Library/Core/usbh_core.o
 .debug_abbrev  0x000000000000444a      0x347 ./Middlewares/STM32_USBH_Library/Core/usbh_pipes.o

.debug_loc      0x0000000000000000     0xff63
 .debug_loc     0x0000000000000000      0x9ff ./Drivers/BSP/Components/ili9341.o
 .debug_loc     0x00000000000009ff      0x90f ./Drivers/BSP/STM32F429I_DISCO/stm32f429i_discovery.o
 .debug_loc     0x000000000000130e     0x2773 ./Drivers/BSP/STM32F429I_DISCO/stm32f429i_discovery_lcd.o
 .debug_loc     0x0000000000003a81      0x3ca ./Drivers/BSP/STM32F429I_DISCO/stm32f429i_discovery_sdram.o
 .debug_loc     0x0000000000003e4b      0x12f ./Drivers/CMSIS/system_stm32f4xx.o
 .debug_loc     0x0000000000003f7a      0x139 ./Drivers/STM32F4xx_HAL_Driver/stm32f4xx_hal.o
 .debug_loc     0x00000000000040b3      0x5d3 ./Drivers/STM32F4xx_HAL_Driver/stm32f4xx_hal_cortex.o
 .debug_loc     0x0000000000004686      0x914 ./Drivers/STM32F4xx_HAL_Driver/stm32f4xx_hal_dma.o
 .debug_loc     0x0000000000004f9a     0x17f7 ./Drivers/STM32F4xx_HAL_Driver/stm32f4xx_hal_dma2d.o
 .debug_loc     0x0000000000006791      0x433 ./Drivers/STM32F4xx_HAL_Driver/stm32f4xx_hal_gpio.o
 .debug_loc     0x0000000000006bc4      0xaf1 ./Drivers/STM32F4xx_HAL_Driver/stm32f4xx_hal_hcd.o
 .debug_loc     0x00000000000076b5     0x13f7 ./Drivers/STM32F4xx_HAL_Driver/stm32f4xx_hal_ltdc.o
 .debug_loc     0x0000000000008aac      0x4af ./Drivers/STM32F4xx_HAL_Driver/stm32f4xx_hal_rcc.o
 .debug_loc     0x0000000000008f5b      0x547 ./Drivers/STM32F4xx_HAL_Driver/stm32f4xx_hal_rcc_ex.o
 .debug_loc     0x00000000000094a2      0xdda ./Drivers/STM32F4xx_HAL_Driver/stm32f4xx_hal_sdram.o
 .debug_loc     0x000000000000a27c     0x1d49 ./Drivers/STM32F4xx_HAL_Driver/stm32f4xx_hal_spi.o
 .debug_loc     0x000000000000bfc5      0xafa ./Drivers/STM32F4xx_HAL_Driver/stm32f4xx_ll_fmc.o
 .debug_loc     0x000000000000cabf     0x216c ./Drivers/STM32F4xx_HAL_Driver/stm32f4xx_ll_usb.o
 .debug_loc     0x000000000000ec2b      0x131 ./Example/User/main.o
 .debug_loc     0x000000000000ed5c      0x571 ./Example/User/usbh_conf.o
 .debug_loc     0x000000000000f2cd      0xa75 ./Middlewares/STM32_USBH_Library/Core/usbh_core.o
 .debug_loc     0x000000000000fd42      0x221 ./Middlewares/STM32_USBH_Library/Core/usbh_pipes.o

.debug_aranges  0x0000000000000000     0x10d8
 .debug_aranges
                0x0000000000000000       0x60 ./Drivers/BSP/Components/ili9341.o
 .debug_aranges
                0x0000000000000060       0xe8 ./Drivers/BSP/STM32F429I_DISCO/stm32f429i_discovery.o
 .debug_aranges
                0x0000000000000148      0x198 ./Drivers/BSP/STM32F429I_DISCO/stm32f429i_discovery_lcd.o
 .debug_aranges
                0x00000000000002e0       0x68 ./Drivers/BSP/STM32F429I_DISCO/stm32f429i_discovery_sdram.o
 .debug_aranges
                0x0000000000000348       0x28 ./Drivers/CMSIS/system_stm32f4xx.o
 .debug_aranges
                0x0000000000000370       0xf8 ./Drivers/STM32F4xx_HAL_Driver/stm32f4xx_hal.o
 .debug_aranges
                0x0000000000000468       0xa8 ./Drivers/STM32F4xx_HAL_Driver/stm32f4xx_hal_cortex.o
 .debug_aranges
                0x0000000000000510       0x80 ./Drivers/STM32F4xx_HAL_Driver/stm32f4xx_hal_dma.o
 .debug_aranges
                0x0000000000000590      0x100 ./Drivers/STM32F4xx_HAL_Driver/stm32f4xx_hal_dma2d.o
 .debug_aranges
                0x0000000000000690       0x58 ./Drivers/STM32F4xx_HAL_Driver/stm32f4xx_hal_gpio.o
 .debug_aranges
                0x00000000000006e8       0xa8 ./Drivers/STM32F4xx_HAL_Driver/stm32f4xx_hal_hcd.o
 .debug_aranges
                0x0000000000000790      0x138 ./Drivers/STM32F4xx_HAL_Driver/stm32f4xx_hal_ltdc.o
 .debug_aranges
                0x00000000000008c8       0x88 ./Drivers/STM32F4xx_HAL_Driver/stm32f4xx_hal_rcc.o
 .debug_aranges
                0x0000000000000950       0x58 ./Drivers/STM32F4xx_HAL_Driver/stm32f4xx_hal_rcc_ex.o
 .debug_aranges
                0x00000000000009a8       0xb0 ./Drivers/STM32F4xx_HAL_Driver/stm32f4xx_hal_sdram.o
 .debug_aranges
                0x0000000000000a58      0x1a8 ./Drivers/STM32F4xx_HAL_Driver/stm32f4xx_hal_spi.o
 .debug_aranges
                0x0000000000000c00       0xf0 ./Drivers/STM32F4xx_HAL_Driver/stm32f4xx_ll_fmc.o
 .debug_aranges
                0x0000000000000cf0      0x198 ./Drivers/STM32F4xx_HAL_Driver/stm32f4xx_ll_usb.o
 .debug_aranges
                0x0000000000000e88       0x28 ./Example/SW4STM32/startup_stm32f429xx.o
 .debug_aranges
                0x0000000000000eb0       0x20 ./Example/User/main.o
 .debug_aranges
                0x0000000000000ed0       0x50 ./Example/User/stm32f4xx_it.o
 .debug_aranges
                0x0000000000000f20       0xd0 ./Example/User/usbh_conf.o
 .debug_aranges
                0x0000000000000ff0       0xb0 ./Middlewares/STM32_USBH_Library/Core/usbh_core.o
 .debug_aranges
                0x00000000000010a0       0x38 ./Middlewares/STM32_USBH_Library/Core/usbh_pipes.o

.debug_ranges   0x0000000000000000     0x1708
 .debug_ranges  0x0000000000000000       0x68 ./Drivers/BSP/Components/ili9341.o
 .debug_ranges  0x0000000000000068      0x2c0 ./Drivers/BSP/STM32F429I_DISCO/stm32f429i_discovery.o
 .debug_ranges  0x0000000000000328      0x218 ./Drivers/BSP/STM32F429I_DISCO/stm32f429i_discovery_lcd.o
 .debug_ranges  0x0000000000000540       0x70 ./Drivers/BSP/STM32F429I_DISCO/stm32f429i_discovery_sdram.o
 .debug_ranges  0x00000000000005b0       0x18 ./Drivers/CMSIS/system_stm32f4xx.o
 .debug_ranges  0x00000000000005c8       0xe8 ./Drivers/STM32F4xx_HAL_Driver/stm32f4xx_hal.o
 .debug_ranges  0x00000000000006b0      0x150 ./Drivers/STM32F4xx_HAL_Driver/stm32f4xx_hal_cortex.o
 .debug_ranges  0x0000000000000800       0xc8 ./Drivers/STM32F4xx_HAL_Driver/stm32f4xx_hal_dma.o
 .debug_ranges  0x00000000000008c8       0xf0 ./Drivers/STM32F4xx_HAL_Driver/stm32f4xx_hal_dma2d.o
 .debug_ranges  0x00000000000009b8       0x68 ./Drivers/STM32F4xx_HAL_Driver/stm32f4xx_hal_gpio.o
 .debug_ranges  0x0000000000000a20      0x140 ./Drivers/STM32F4xx_HAL_Driver/stm32f4xx_hal_hcd.o
 .debug_ranges  0x0000000000000b60      0x128 ./Drivers/STM32F4xx_HAL_Driver/stm32f4xx_hal_ltdc.o
 .debug_ranges  0x0000000000000c88       0xb0 ./Drivers/STM32F4xx_HAL_Driver/stm32f4xx_hal_rcc.o
 .debug_ranges  0x0000000000000d38       0x60 ./Drivers/STM32F4xx_HAL_Driver/stm32f4xx_hal_rcc_ex.o
 .debug_ranges  0x0000000000000d98       0xa0 ./Drivers/STM32F4xx_HAL_Driver/stm32f4xx_hal_sdram.o
 .debug_ranges  0x0000000000000e38      0x260 ./Drivers/STM32F4xx_HAL_Driver/stm32f4xx_hal_spi.o
 .debug_ranges  0x0000000000001098       0xe0 ./Drivers/STM32F4xx_HAL_Driver/stm32f4xx_ll_fmc.o
 .debug_ranges  0x0000000000001178      0x1d0 ./Drivers/STM32F4xx_HAL_Driver/stm32f4xx_ll_usb.o
 .debug_ranges  0x0000000000001348       0x20 ./Example/SW4STM32/startup_stm32f429xx.o
 .debug_ranges  0x0000000000001368      0x130 ./Example/User/main.o
 .debug_ranges  0x0000000000001498       0x40 ./Example/User/stm32f4xx_it.o
 .debug_ranges  0x00000000000014d8      0x128 ./Example/User/usbh_conf.o
 .debug_ranges  0x0000000000001600       0xb8 ./Middlewares/STM32_USBH_Library/Core/usbh_core.o
 .debug_ranges  0x00000000000016b8       0x50 ./Middlewares/STM32_USBH_Library/Core/usbh_pipes.o

.debug_macro    0x0000000000000000    0x26c2f
 .debug_macro   0x0000000000000000       0x7c ./Drivers/BSP/Components/ili9341.o
 .debug_macro   0x000000000000007c      0xaba ./Drivers/BSP/Components/ili9341.o
 .debug_macro   0x0000000000000b36       0x22 ./Drivers/BSP/Components/ili9341.o
 .debug_macro   0x0000000000000b58       0x8e ./Drivers/BSP/Components/ili9341.o
 .debug_macro   0x0000000000000be6       0x51 ./Drivers/BSP/Components/ili9341.o
 .debug_macro   0x0000000000000c37      0x103 ./Drivers/BSP/Components/ili9341.o
 .debug_macro   0x0000000000000d3a       0x6a ./Drivers/BSP/Components/ili9341.o
 .debug_macro   0x0000000000000da4      0x1df ./Drivers/BSP/Components/ili9341.o
 .debug_macro   0x0000000000000f83      0x26d ./Drivers/BSP/Components/ili9341.o
 .debug_macro   0x00000000000011f0      0x24e ./Drivers/BSP/STM32F429I_DISCO/stm32f429i_discovery.o
 .debug_macro   0x000000000000143e      0x1bd ./Drivers/BSP/STM32F429I_DISCO/stm32f429i_discovery.o
 .debug_macro   0x00000000000015fb       0x2e ./Drivers/BSP/STM32F429I_DISCO/stm32f429i_discovery.o
 .debug_macro   0x0000000000001629       0x28 ./Drivers/BSP/STM32F429I_DISCO/stm32f429i_discovery.o
 .debug_macro   0x0000000000001651       0x1c ./Drivers/BSP/STM32F429I_DISCO/stm32f429i_discovery.o
 .debug_macro   0x000000000000166d       0x22 ./Drivers/BSP/STM32F429I_DISCO/stm32f429i_discovery.o
 .debug_macro   0x000000000000168f       0xdf ./Drivers/BSP/STM32F429I_DISCO/stm32f429i_discovery.o
 .debug_macro   0x000000000000176e     0x102d ./Drivers/BSP/STM32F429I_DISCO/stm32f429i_discovery.o
 .debug_macro   0x000000000000279b      0x11f ./Drivers/BSP/STM32F429I_DISCO/stm32f429i_discovery.o
 .debug_macro   0x00000000000028ba    0x17f91 ./Drivers/BSP/STM32F429I_DISCO/stm32f429i_discovery.o
 .debug_macro   0x000000000001a84b       0x6d ./Drivers/BSP/STM32F429I_DISCO/stm32f429i_discovery.o
 .debug_macro   0x000000000001a8b8     0x36dd ./Drivers/BSP/STM32F429I_DISCO/stm32f429i_discovery.o
 .debug_macro   0x000000000001df95      0x174 ./Drivers/BSP/STM32F429I_DISCO/stm32f429i_discovery.o
 .debug_macro   0x000000000001e109       0x5c ./Drivers/BSP/STM32F429I_DISCO/stm32f429i_discovery.o
 .debug_macro   0x000000000001e165      0xca5 ./Drivers/BSP/STM32F429I_DISCO/stm32f429i_discovery.o
 .debug_macro   0x000000000001ee0a      0x9fe ./Drivers/BSP/STM32F429I_DISCO/stm32f429i_discovery.o
 .debug_macro   0x000000000001f808      0x116 ./Drivers/BSP/STM32F429I_DISCO/stm32f429i_discovery.o
 .debug_macro   0x000000000001f91e      0x157 ./Drivers/BSP/STM32F429I_DISCO/stm32f429i_discovery.o
 .debug_macro   0x000000000001fa75       0xa5 ./Drivers/BSP/STM32F429I_DISCO/stm32f429i_discovery.o
 .debug_macro   0x000000000001fb1a      0x287 ./Drivers/BSP/STM32F429I_DISCO/stm32f429i_discovery.o
 .debug_macro   0x000000000001fda1       0x5f ./Drivers/BSP/STM32F429I_DISCO/stm32f429i_discovery.o
 .debug_macro   0x000000000001fe00      0x236 ./Drivers/BSP/STM32F429I_DISCO/stm32f429i_discovery.o
 .debug_macro   0x0000000000020036      0x20f ./Drivers/BSP/STM32F429I_DISCO/stm32f429i_discovery.o
 .debug_macro   0x0000000000020245      0x132 ./Drivers/BSP/STM32F429I_DISCO/stm32f429i_discovery.o
 .debug_macro   0x0000000000020377      0x41d ./Drivers/BSP/STM32F429I_DISCO/stm32f429i_discovery.o
 .debug_macro   0x0000000000020794       0x2e ./Drivers/BSP/STM32F429I_DISCO/stm32f429i_discovery.o
 .debug_macro   0x00000000000207c2      0x582 ./Drivers/BSP/STM32F429I_DISCO/stm32f429i_discovery.o
 .debug_macro   0x0000000000020d44      0x1b5 ./Drivers/BSP/STM32F429I_DISCO/stm32f429i_discovery.o
 .debug_macro   0x0000000000020ef9       0x22 ./Drivers/BSP/STM32F429I_DISCO/stm32f429i_discovery.o
 .debug_macro   0x0000000000020f1b       0xd6 ./Drivers/BSP/STM32F429I_DISCO/stm32f429i_discovery.o
 .debug_macro   0x0000000000020ff1      0x198 ./Drivers/BSP/STM32F429I_DISCO/stm32f429i_discovery.o
 .debug_macro   0x0000000000021189       0xd6 ./Drivers/BSP/STM32F429I_DISCO/stm32f429i_discovery.o
 .debug_macro   0x000000000002125f      0x11a ./Drivers/BSP/STM32F429I_DISCO/stm32f429i_discovery.o
 .debug_macro   0x0000000000021379       0xe2 ./Drivers/BSP/STM32F429I_DISCO/stm32f429i_discovery.o
 .debug_macro   0x000000000002145b       0x89 ./Drivers/BSP/STM32F429I_DISCO/stm32f429i_discovery.o
 .debug_macro   0x00000000000214e4      0x225 ./Drivers/BSP/STM32F429I_DISCO/stm32f429i_discovery.o
 .debug_macro   0x0000000000021709      0x21e ./Drivers/BSP/STM32F429I_DISCO/stm32f429i_discovery.o
 .debug_macro   0x0000000000021927       0x7c ./Drivers/BSP/STM32F429I_DISCO/stm32f429i_discovery.o
 .debug_macro   0x00000000000219a3      0x134 ./Drivers/BSP/STM32F429I_DISCO/stm32f429i_discovery.o
 .debug_macro   0x0000000000021ad7      0x259 ./Drivers/BSP/STM32F429I_DISCO/stm32f429i_discovery.o
 .debug_macro   0x0000000000021d30      0x294 ./Drivers/BSP/STM32F429I_DISCO/stm32f429i_discovery_lcd.o
 .debug_macro   0x0000000000021fc4       0xb0 ./Drivers/BSP/STM32F429I_DISCO/stm32f429i_discovery_lcd.o
 .debug_macro   0x0000000000022074       0x10 ./Drivers/BSP/STM32F429I_DISCO/stm32f429i_discovery_lcd.o
 .debug_macro   0x0000000000022084      0x121 ./Drivers/BSP/STM32F429I_DISCO/stm32f429i_discovery_lcd.o
 .debug_macro   0x00000000000221a5      0x23f ./Drivers/BSP/STM32F429I_DISCO/stm32f429i_discovery_sdram.o
 .debug_macro   0x00000000000223e4       0xaa ./Drivers/BSP/STM32F429I_DISCO/stm32f429i_discovery_sdram.o
 .debug_macro   0x000000000002248e      0x227 ./Drivers/CMSIS/system_stm32f4xx.o
 .debug_macro   0x00000000000226b5      0x281 ./Drivers/STM32F4xx_HAL_Driver/stm32f4xx_hal.o
 .debug_macro   0x0000000000022936      0x221 ./Drivers/STM32F4xx_HAL_Driver/stm32f4xx_hal_cortex.o
 .debug_macro   0x0000000000022b57      0x227 ./Drivers/STM32F4xx_HAL_Driver/stm32f4xx_hal_dma.o
 .debug_macro   0x0000000000022d7e      0x230 ./Drivers/STM32F4xx_HAL_Driver/stm32f4xx_hal_dma2d.o
 .debug_macro   0x0000000000022fae      0x227 ./Drivers/STM32F4xx_HAL_Driver/stm32f4xx_hal_gpio.o
 .debug_macro   0x00000000000231d5      0x221 ./Drivers/STM32F4xx_HAL_Driver/stm32f4xx_hal_hcd.o
 .debug_macro   0x00000000000233f6      0x222 ./Drivers/STM32F4xx_HAL_Driver/stm32f4xx_hal_ltdc.o
 .debug_macro   0x0000000000023618      0x245 ./Drivers/STM32F4xx_HAL_Driver/stm32f4xx_hal_rcc.o
 .debug_macro   0x000000000002385d      0x221 ./Drivers/STM32F4xx_HAL_Driver/stm32f4xx_hal_rcc_ex.o
 .debug_macro   0x0000000000023a7e      0x221 ./Drivers/STM32F4xx_HAL_Driver/stm32f4xx_hal_sdram.o
 .debug_macro   0x0000000000023c9f      0x230 ./Drivers/STM32F4xx_HAL_Driver/stm32f4xx_hal_spi.o
 .debug_macro   0x0000000000023ecf      0x221 ./Drivers/STM32F4xx_HAL_Driver/stm32f4xx_ll_fmc.o
 .debug_macro   0x00000000000240f0      0x221 ./Drivers/STM32F4xx_HAL_Driver/stm32f4xx_ll_usb.o
 .debug_macro   0x0000000000024311      0x51e ./Example/User/main.o
 .debug_macro   0x000000000002482f       0x18 ./Example/User/main.o
 .debug_macro   0x0000000000024847       0x52 ./Example/User/main.o
 .debug_macro   0x0000000000024899       0x3c ./Example/User/main.o
 .debug_macro   0x00000000000248d5       0x34 ./Example/User/main.o
 .debug_macro   0x0000000000024909       0x16 ./Example/User/main.o
 .debug_macro   0x000000000002491f       0x35 ./Example/User/main.o
 .debug_macro   0x0000000000024954       0x16 ./Example/User/main.o
 .debug_macro   0x000000000002496a       0x43 ./Example/User/main.o
 .debug_macro   0x00000000000249ad       0x34 ./Example/User/main.o
 .debug_macro   0x00000000000249e1       0x10 ./Example/User/main.o
 .debug_macro   0x00000000000249f1       0x58 ./Example/User/main.o
 .debug_macro   0x0000000000024a49       0x71 ./Example/User/main.o
 .debug_macro   0x0000000000024aba       0x1c ./Example/User/main.o
 .debug_macro   0x0000000000024ad6      0x12a ./Example/User/main.o
 .debug_macro   0x0000000000024c00      0x333 ./Example/User/main.o
 .debug_macro   0x0000000000024f33       0x16 ./Example/User/main.o
 .debug_macro   0x0000000000024f49       0x29 ./Example/User/main.o
 .debug_macro   0x0000000000024f72       0x16 ./Example/User/main.o
 .debug_macro   0x0000000000024f88       0x7c ./Example/User/main.o
 .debug_macro   0x0000000000025004       0xdd ./Example/User/main.o
 .debug_macro   0x00000000000250e1       0xe2 ./Example/User/main.o
 .debug_macro   0x00000000000251c3       0x1c ./Example/User/main.o
 .debug_macro   0x00000000000251df       0x10 ./Example/User/main.o
 .debug_macro   0x00000000000251ef       0x10 ./Example/User/main.o
 .debug_macro   0x00000000000251ff       0x1c ./Example/User/main.o
 .debug_macro   0x000000000002521b       0x52 ./Example/User/main.o
 .debug_macro   0x000000000002526d       0x22 ./Example/User/main.o
 .debug_macro   0x000000000002528f       0x10 ./Example/User/main.o
 .debug_macro   0x000000000002529f       0x40 ./Example/User/main.o
 .debug_macro   0x00000000000252df       0xd5 ./Example/User/main.o
 .debug_macro   0x00000000000253b4       0x1c ./Example/User/main.o
 .debug_macro   0x00000000000253d0       0x3d ./Example/User/main.o
 .debug_macro   0x000000000002540d       0x16 ./Example/User/main.o
 .debug_macro   0x0000000000025423      0x145 ./Example/User/main.o
 .debug_macro   0x0000000000025568       0x16 ./Example/User/main.o
 .debug_macro   0x000000000002557e       0x20 ./Example/User/main.o
 .debug_macro   0x000000000002559e       0x64 ./Example/User/main.o
 .debug_macro   0x0000000000025602      0x218 ./Example/User/main.o
 .debug_macro   0x000000000002581a       0x2e ./Example/User/main.o
 .debug_macro   0x0000000000025848       0x2e ./Example/User/main.o
 .debug_macro   0x0000000000025876       0x28 ./Example/User/main.o
 .debug_macro   0x000000000002589e       0x65 ./Example/User/main.o
 .debug_macro   0x0000000000025903       0xeb ./Example/User/main.o
 .debug_macro   0x00000000000259ee       0x34 ./Example/User/main.o
 .debug_macro   0x0000000000025a22       0x16 ./Example/User/main.o
 .debug_macro   0x0000000000025a38      0x52c ./Example/User/stm32f4xx_it.o
 .debug_macro   0x0000000000025f64      0x43d ./Example/User/usbh_conf.o
 .debug_macro   0x00000000000263a1       0x16 ./Example/User/usbh_conf.o
 .debug_macro   0x00000000000263b7      0x443 ./Middlewares/STM32_USBH_Library/Core/usbh_core.o
 .debug_macro   0x00000000000267fa      0x435 ./Middlewares/STM32_USBH_Library/Core/usbh_pipes.o

.debug_line     0x0000000000000000    0x1af19
 .debug_line    0x0000000000000000      0xbf8 ./Drivers/BSP/Components/ili9341.o
 .debug_line    0x0000000000000bf8     0x1024 ./Drivers/BSP/STM32F429I_DISCO/stm32f429i_discovery.o
 .debug_line    0x0000000000001c1c     0x1c11 ./Drivers/BSP/STM32F429I_DISCO/stm32f429i_discovery_lcd.o
 .debug_line    0x000000000000382d      0xb37 ./Drivers/BSP/STM32F429I_DISCO/stm32f429i_discovery_sdram.o
 .debug_line    0x0000000000004364      0x8b7 ./Drivers/CMSIS/system_stm32f4xx.o
 .debug_line    0x0000000000004c1b      0xb7e ./Drivers/STM32F4xx_HAL_Driver/stm32f4xx_hal.o
 .debug_line    0x0000000000005799      0xdac ./Drivers/STM32F4xx_HAL_Driver/stm32f4xx_hal_cortex.o
 .debug_line    0x0000000000006545     0x12f5 ./Drivers/STM32F4xx_HAL_Driver/stm32f4xx_hal_dma.o
 .debug_line    0x000000000000783a     0x1798 ./Drivers/STM32F4xx_HAL_Driver/stm32f4xx_hal_dma2d.o
 .debug_line    0x0000000000008fd2      0xd56 ./Drivers/STM32F4xx_HAL_Driver/stm32f4xx_hal_gpio.o
 .debug_line    0x0000000000009d28     0x14cb ./Drivers/STM32F4xx_HAL_Driver/stm32f4xx_hal_hcd.o
 .debug_line    0x000000000000b1f3     0x1f2e ./Drivers/STM32F4xx_HAL_Driver/stm32f4xx_hal_ltdc.o
 .debug_line    0x000000000000d121     0x10c2 ./Drivers/STM32F4xx_HAL_Driver/stm32f4xx_hal_rcc.o
 .debug_line    0x000000000000e1e3      0xee2 ./Drivers/STM32F4xx_HAL_Driver/stm32f4xx_hal_rcc_ex.o
 .debug_line    0x000000000000f0c5     0x1006 ./Drivers/STM32F4xx_HAL_Driver/stm32f4xx_hal_sdram.o
 .debug_line    0x00000000000100cb     0x2d68 ./Drivers/STM32F4xx_HAL_Driver/stm32f4xx_hal_spi.o
 .debug_line    0x0000000000012e33     0x1154 ./Drivers/STM32F4xx_HAL_Driver/stm32f4xx_ll_fmc.o
 .debug_line    0x0000000000013f87     0x2231 ./Drivers/STM32F4xx_HAL_Driver/stm32f4xx_ll_usb.o
 .debug_line    0x00000000000161b8       0xb7 ./Example/SW4STM32/startup_stm32f429xx.o
 .debug_line    0x000000000001626f     0x1023 ./Example/User/main.o
 .debug_line    0x0000000000017292      0xe92 ./Example/User/stm32f4xx_it.o
 .debug_line    0x0000000000018124      0xe58 ./Example/User/usbh_conf.o
 .debug_line    0x0000000000018f7c     0x1411 ./Middlewares/STM32_USBH_Library/Core/usbh_core.o
 .debug_line    0x000000000001a38d      0xb8c ./Middlewares/STM32_USBH_Library/Core/usbh_pipes.o

.debug_str      0x0000000000000000    0xe1a00
 .debug_str     0x0000000000000000     0x4456 ./Drivers/BSP/Components/ili9341.o
                                       0x463d (size before relaxing)
 .debug_str     0x0000000000004456    0xd0534 ./Drivers/BSP/STM32F429I_DISCO/stm32f429i_discovery.o
                                      0xd452b (size before relaxing)
 .debug_str     0x00000000000d498a     0x19ab ./Drivers/BSP/STM32F429I_DISCO/stm32f429i_discovery_lcd.o
                                      0xd553b (size before relaxing)
 .debug_str     0x00000000000d6335      0x4fd ./Drivers/BSP/STM32F429I_DISCO/stm32f429i_discovery_sdram.o
                                      0xd441f (size before relaxing)
 .debug_str     0x00000000000d6832       0xf7 ./Drivers/CMSIS/system_stm32f4xx.o
                                      0xd2315 (size before relaxing)
 .debug_str     0x00000000000d6929      0x616 ./Drivers/STM32F4xx_HAL_Driver/stm32f4xx_hal.o
                                      0xd2ecb (size before relaxing)
 .debug_str     0x00000000000d6f3f      0x354 ./Drivers/STM32F4xx_HAL_Driver/stm32f4xx_hal_cortex.o
                                      0xd2c27 (size before relaxing)
 .debug_str     0x00000000000d7293      0x319 ./Drivers/STM32F4xx_HAL_Driver/stm32f4xx_hal_dma.o
                                      0xd2728 (size before relaxing)
 .debug_str     0x00000000000d75ac      0x3c6 ./Drivers/STM32F4xx_HAL_Driver/stm32f4xx_hal_dma2d.o
                                      0xd290d (size before relaxing)
 .debug_str     0x00000000000d7972      0x153 ./Drivers/STM32F4xx_HAL_Driver/stm32f4xx_hal_gpio.o
                                      0xd24ac (size before relaxing)
 .debug_str     0x00000000000d7ac5      0x8d2 ./Drivers/STM32F4xx_HAL_Driver/stm32f4xx_hal_hcd.o
                                      0xd2ae7 (size before relaxing)
 .debug_str     0x00000000000d8397      0x2a6 ./Drivers/STM32F4xx_HAL_Driver/stm32f4xx_hal_ltdc.o
                                      0xd295b (size before relaxing)
 .debug_str     0x00000000000d863d      0x3a6 ./Drivers/STM32F4xx_HAL_Driver/stm32f4xx_hal_rcc.o
                                      0xd272e (size before relaxing)
 .debug_str     0x00000000000d89e3      0x16b ./Drivers/STM32F4xx_HAL_Driver/stm32f4xx_hal_rcc_ex.o
                                      0xd2511 (size before relaxing)
 .debug_str     0x00000000000d8b4e      0x2ee ./Drivers/STM32F4xx_HAL_Driver/stm32f4xx_hal_sdram.o
                                      0xd29ef (size before relaxing)
 .debug_str     0x00000000000d8e3c      0x5c7 ./Drivers/STM32F4xx_HAL_Driver/stm32f4xx_hal_spi.o
                                      0xd2c39 (size before relaxing)
 .debug_str     0x00000000000d9403      0x4ab ./Drivers/STM32F4xx_HAL_Driver/stm32f4xx_ll_fmc.o
                                      0xd2968 (size before relaxing)
 .debug_str     0x00000000000d98ae      0x537 ./Drivers/STM32F4xx_HAL_Driver/stm32f4xx_ll_usb.o
                                      0xd2c1d (size before relaxing)
 .debug_str     0x00000000000d9de5       0x68 ./Example/SW4STM32/startup_stm32f429xx.o
                                         0xc7 (size before relaxing)
 .debug_str     0x00000000000d9e4d     0x74ce ./Example/User/main.o
                                      0xdc155 (size before relaxing)
 .debug_str     0x00000000000e131b      0x102 ./Example/User/stm32f4xx_it.o
                                      0xdbd8f (size before relaxing)
 .debug_str     0x00000000000e141d      0x2ad ./Example/User/usbh_conf.o
                                      0xd8bb2 (size before relaxing)
 .debug_str     0x00000000000e16ca      0x28e ./Middlewares/STM32_USBH_Library/Core/usbh_core.o
                                      0xd7f89 (size before relaxing)
 .debug_str     0x00000000000e1958       0xa8 ./Middlewares/STM32_USBH_Library/Core/usbh_pipes.o
                                      0xd7cda (size before relaxing)

.comment        0x0000000000000000       0x53
 .comment       0x0000000000000000       0x53 ./Drivers/BSP/Components/ili9341.o
                                         0x54 (size before relaxing)
 .comment       0x0000000000000053       0x54 ./Drivers/BSP/STM32F429I_DISCO/stm32f429i_discovery.o
 .comment       0x0000000000000053       0x54 ./Drivers/BSP/STM32F429I_DISCO/stm32f429i_discovery_lcd.o
 .comment       0x0000000000000053       0x54 ./Drivers/BSP/STM32F429I_DISCO/stm32f429i_discovery_sdram.o
 .comment       0x0000000000000053       0x54 ./Drivers/CMSIS/system_stm32f4xx.o
 .comment       0x0000000000000053       0x54 ./Drivers/STM32F4xx_HAL_Driver/stm32f4xx_hal.o
 .comment       0x0000000000000053       0x54 ./Drivers/STM32F4xx_HAL_Driver/stm32f4xx_hal_cortex.o
 .comment       0x0000000000000053       0x54 ./Drivers/STM32F4xx_HAL_Driver/stm32f4xx_hal_dma.o
 .comment       0x0000000000000053       0x54 ./Drivers/STM32F4xx_HAL_Driver/stm32f4xx_hal_dma2d.o
 .comment       0x0000000000000053       0x54 ./Drivers/STM32F4xx_HAL_Driver/stm32f4xx_hal_gpio.o
 .comment       0x0000000000000053       0x54 ./Drivers/STM32F4xx_HAL_Driver/stm32f4xx_hal_hcd.o
 .comment       0x0000000000000053       0x54 ./Drivers/STM32F4xx_HAL_Driver/stm32f4xx_hal_ltdc.o
 .comment       0x0000000000000053       0x54 ./Drivers/STM32F4xx_HAL_Driver/stm32f4xx_hal_rcc.o
 .comment       0x0000000000000053       0x54 ./Drivers/STM32F4xx_HAL_Driver/stm32f4xx_hal_rcc_ex.o
 .comment       0x0000000000000053       0x54 ./Drivers/STM32F4xx_HAL_Driver/stm32f4xx_hal_sdram.o
 .comment       0x0000000000000053       0x54 ./Drivers/STM32F4xx_HAL_Driver/stm32f4xx_hal_spi.o
 .comment       0x0000000000000053       0x54 ./Drivers/STM32F4xx_HAL_Driver/stm32f4xx_ll_fmc.o
 .comment       0x0000000000000053       0x54 ./Drivers/STM32F4xx_HAL_Driver/stm32f4xx_ll_usb.o
 .comment       0x0000000000000053       0x54 ./Example/User/main.o
 .comment       0x0000000000000053       0x54 ./Example/User/stm32f4xx_it.o
 .comment       0x0000000000000053       0x54 ./Example/User/usbh_conf.o
 .comment       0x0000000000000053       0x54 ./Middlewares/STM32_USBH_Library/Core/usbh_core.o
 .comment       0x0000000000000053       0x54 ./Middlewares/STM32_USBH_Library/Core/usbh_pipes.o

.debug_frame    0x0000000000000000     0x3040
 .debug_frame   0x0000000000000000       0xb8 ./Drivers/BSP/Components/ili9341.o
 .debug_frame   0x00000000000000b8      0x2fc ./Drivers/BSP/STM32F429I_DISCO/stm32f429i_discovery.o
 .debug_frame   0x00000000000003b4      0x5c8 ./Drivers/BSP/STM32F429I_DISCO/stm32f429i_discovery_lcd.o
 .debug_frame   0x000000000000097c      0x130 ./Drivers/BSP/STM32F429I_DISCO/stm32f429i_discovery_sdram.o
 .debug_frame   0x0000000000000aac       0x38 ./Drivers/CMSIS/system_stm32f4xx.o
 .debug_frame   0x0000000000000ae4      0x214 ./Drivers/STM32F4xx_HAL_Driver/stm32f4xx_hal.o
 .debug_frame   0x0000000000000cf8      0x158 ./Drivers/STM32F4xx_HAL_Driver/stm32f4xx_hal_cortex.o
 .debug_frame   0x0000000000000e50      0x164 ./Drivers/STM32F4xx_HAL_Driver/stm32f4xx_hal_dma.o
 .debug_frame   0x0000000000000fb4      0x32c ./Drivers/STM32F4xx_HAL_Driver/stm32f4xx_hal_dma2d.o
 .debug_frame   0x00000000000012e0       0xd4 ./Drivers/STM32F4xx_HAL_Driver/stm32f4xx_hal_gpio.o
 .debug_frame   0x00000000000013b4      0x220 ./Drivers/STM32F4xx_HAL_Driver/stm32f4xx_hal_hcd.o
 .debug_frame   0x00000000000015d4      0x3b4 ./Drivers/STM32F4xx_HAL_Driver/stm32f4xx_hal_ltdc.o
 .debug_frame   0x0000000000001988      0x13c ./Drivers/STM32F4xx_HAL_Driver/stm32f4xx_hal_rcc.o
 .debug_frame   0x0000000000001ac4       0xe8 ./Drivers/STM32F4xx_HAL_Driver/stm32f4xx_hal_rcc_ex.o
 .debug_frame   0x0000000000001bac      0x228 ./Drivers/STM32F4xx_HAL_Driver/stm32f4xx_hal_sdram.o
 .debug_frame   0x0000000000001dd4      0x608 ./Drivers/STM32F4xx_HAL_Driver/stm32f4xx_hal_spi.o
 .debug_frame   0x00000000000023dc      0x258 ./Drivers/STM32F4xx_HAL_Driver/stm32f4xx_ll_fmc.o
 .debug_frame   0x0000000000002634      0x484 ./Drivers/STM32F4xx_HAL_Driver/stm32f4xx_ll_usb.o
 .debug_frame   0x0000000000002ab8       0x2c ./Example/User/main.o
 .debug_frame   0x0000000000002ae4       0xb0 ./Example/User/stm32f4xx_it.o
 .debug_frame   0x0000000000002b94      0x1f4 ./Example/User/usbh_conf.o
 .debug_frame   0x0000000000002d88      0x19c ./Middlewares/STM32_USBH_Library/Core/usbh_core.o
 .debug_frame   0x0000000000002f24       0x70 ./Middlewares/STM32_USBH_Library/Core/usbh_pipes.o
 .debug_frame   0x0000000000002f94       0x2c /Applications/STM32CubeIDE.app/Contents/Eclipse/plugins/com.st.stm32cube.ide.mcu.externaltools.gnu-tools-for-stm32.9-2020-q2-update.macos64_2.0.0.202105311346/tools/bin/../lib/gcc/arm-none-eabi/9.3.1/../../../../arm-none-eabi/lib/thumb/v7e-m+fp/hard/libc_nano.a(lib_a-init.o)
 .debug_frame   0x0000000000002fc0       0x20 /Applications/STM32CubeIDE.app/Contents/Eclipse/plugins/com.st.stm32cube.ide.mcu.externaltools.gnu-tools-for-stm32.9-2020-q2-update.macos64_2.0.0.202105311346/tools/bin/../lib/gcc/arm-none-eabi/9.3.1/../../../../arm-none-eabi/lib/thumb/v7e-m+fp/hard/libc_nano.a(lib_a-memset.o)
 .debug_frame   0x0000000000002fe0       0x2c /Applications/STM32CubeIDE.app/Contents/Eclipse/plugins/com.st.stm32cube.ide.mcu.externaltools.gnu-tools-for-stm32.9-2020-q2-update.macos64_2.0.0.202105311346/tools/bin/../lib/gcc/arm-none-eabi/9.3.1/thumb/v7e-m+fp/hard/libgcc.a(_aeabi_uldivmod.o)
 .debug_frame   0x000000000000300c       0x34 /Applications/STM32CubeIDE.app/Contents/Eclipse/plugins/com.st.stm32cube.ide.mcu.externaltools.gnu-tools-for-stm32.9-2020-q2-update.macos64_2.0.0.202105311346/tools/bin/../lib/gcc/arm-none-eabi/9.3.1/thumb/v7e-m+fp/hard/libgcc.a(_udivmoddi4.o)
